GowinSynthesis start
Running parser ...
Analyzing Verilog file 'C:\Users\Guilherme\Desktop\aaa\Covtype\0_w_feature_3_w_tree_4_quat_True_arg_False\TreeLUT\verilog\class0_adder.v'
Analyzing Verilog file 'C:\Users\Guilherme\Desktop\aaa\Covtype\0_w_feature_3_w_tree_4_quat_True_arg_False\TreeLUT\verilog\class0_tree0.v'
Analyzing Verilog file 'C:\Users\Guilherme\Desktop\aaa\Covtype\0_w_feature_3_w_tree_4_quat_True_arg_False\TreeLUT\verilog\class0_tree1.v'
Analyzing Verilog file 'C:\Users\Guilherme\Desktop\aaa\Covtype\0_w_feature_3_w_tree_4_quat_True_arg_False\TreeLUT\verilog\class0_tree2.v'
Analyzing Verilog file 'C:\Users\Guilherme\Desktop\aaa\Covtype\0_w_feature_3_w_tree_4_quat_True_arg_False\TreeLUT\verilog\class0_tree3.v'
Analyzing Verilog file 'C:\Users\Guilherme\Desktop\aaa\Covtype\0_w_feature_3_w_tree_4_quat_True_arg_False\TreeLUT\verilog\class0_tree4.v'
Analyzing Verilog file 'C:\Users\Guilherme\Desktop\aaa\Covtype\0_w_feature_3_w_tree_4_quat_True_arg_False\TreeLUT\verilog\class0_tree5.v'
Analyzing Verilog file 'C:\Users\Guilherme\Desktop\aaa\Covtype\0_w_feature_3_w_tree_4_quat_True_arg_False\TreeLUT\verilog\class0_tree6.v'
Analyzing Verilog file 'C:\Users\Guilherme\Desktop\aaa\Covtype\0_w_feature_3_w_tree_4_quat_True_arg_False\TreeLUT\verilog\class1_adder.v'
Analyzing Verilog file 'C:\Users\Guilherme\Desktop\aaa\Covtype\0_w_feature_3_w_tree_4_quat_True_arg_False\TreeLUT\verilog\class1_tree0.v'
Analyzing Verilog file 'C:\Users\Guilherme\Desktop\aaa\Covtype\0_w_feature_3_w_tree_4_quat_True_arg_False\TreeLUT\verilog\class1_tree1.v'
Analyzing Verilog file 'C:\Users\Guilherme\Desktop\aaa\Covtype\0_w_feature_3_w_tree_4_quat_True_arg_False\TreeLUT\verilog\class1_tree2.v'
Analyzing Verilog file 'C:\Users\Guilherme\Desktop\aaa\Covtype\0_w_feature_3_w_tree_4_quat_True_arg_False\TreeLUT\verilog\class1_tree3.v'
Analyzing Verilog file 'C:\Users\Guilherme\Desktop\aaa\Covtype\0_w_feature_3_w_tree_4_quat_True_arg_False\TreeLUT\verilog\class1_tree4.v'
Analyzing Verilog file 'C:\Users\Guilherme\Desktop\aaa\Covtype\0_w_feature_3_w_tree_4_quat_True_arg_False\TreeLUT\verilog\class1_tree5.v'
Analyzing Verilog file 'C:\Users\Guilherme\Desktop\aaa\Covtype\0_w_feature_3_w_tree_4_quat_True_arg_False\TreeLUT\verilog\class1_tree6.v'
Analyzing Verilog file 'C:\Users\Guilherme\Desktop\aaa\Covtype\0_w_feature_3_w_tree_4_quat_True_arg_False\TreeLUT\verilog\class2_adder.v'
Analyzing Verilog file 'C:\Users\Guilherme\Desktop\aaa\Covtype\0_w_feature_3_w_tree_4_quat_True_arg_False\TreeLUT\verilog\class2_tree0.v'
Analyzing Verilog file 'C:\Users\Guilherme\Desktop\aaa\Covtype\0_w_feature_3_w_tree_4_quat_True_arg_False\TreeLUT\verilog\class2_tree1.v'
Analyzing Verilog file 'C:\Users\Guilherme\Desktop\aaa\Covtype\0_w_feature_3_w_tree_4_quat_True_arg_False\TreeLUT\verilog\class2_tree2.v'
Analyzing Verilog file 'C:\Users\Guilherme\Desktop\aaa\Covtype\0_w_feature_3_w_tree_4_quat_True_arg_False\TreeLUT\verilog\class2_tree3.v'
Analyzing Verilog file 'C:\Users\Guilherme\Desktop\aaa\Covtype\0_w_feature_3_w_tree_4_quat_True_arg_False\TreeLUT\verilog\class2_tree4.v'
Analyzing Verilog file 'C:\Users\Guilherme\Desktop\aaa\Covtype\0_w_feature_3_w_tree_4_quat_True_arg_False\TreeLUT\verilog\class2_tree5.v'
Analyzing Verilog file 'C:\Users\Guilherme\Desktop\aaa\Covtype\0_w_feature_3_w_tree_4_quat_True_arg_False\TreeLUT\verilog\class2_tree6.v'
Analyzing Verilog file 'C:\Users\Guilherme\Desktop\aaa\Covtype\0_w_feature_3_w_tree_4_quat_True_arg_False\TreeLUT\verilog\class3_adder.v'
Analyzing Verilog file 'C:\Users\Guilherme\Desktop\aaa\Covtype\0_w_feature_3_w_tree_4_quat_True_arg_False\TreeLUT\verilog\class3_tree0.v'
Analyzing Verilog file 'C:\Users\Guilherme\Desktop\aaa\Covtype\0_w_feature_3_w_tree_4_quat_True_arg_False\TreeLUT\verilog\class3_tree1.v'
Analyzing Verilog file 'C:\Users\Guilherme\Desktop\aaa\Covtype\0_w_feature_3_w_tree_4_quat_True_arg_False\TreeLUT\verilog\class3_tree2.v'
Analyzing Verilog file 'C:\Users\Guilherme\Desktop\aaa\Covtype\0_w_feature_3_w_tree_4_quat_True_arg_False\TreeLUT\verilog\class3_tree3.v'
Analyzing Verilog file 'C:\Users\Guilherme\Desktop\aaa\Covtype\0_w_feature_3_w_tree_4_quat_True_arg_False\TreeLUT\verilog\class3_tree4.v'
Analyzing Verilog file 'C:\Users\Guilherme\Desktop\aaa\Covtype\0_w_feature_3_w_tree_4_quat_True_arg_False\TreeLUT\verilog\class3_tree5.v'
Analyzing Verilog file 'C:\Users\Guilherme\Desktop\aaa\Covtype\0_w_feature_3_w_tree_4_quat_True_arg_False\TreeLUT\verilog\class3_tree6.v'
Analyzing Verilog file 'C:\Users\Guilherme\Desktop\aaa\Covtype\0_w_feature_3_w_tree_4_quat_True_arg_False\TreeLUT\verilog\class4_adder.v'
Analyzing Verilog file 'C:\Users\Guilherme\Desktop\aaa\Covtype\0_w_feature_3_w_tree_4_quat_True_arg_False\TreeLUT\verilog\class4_tree0.v'
Analyzing Verilog file 'C:\Users\Guilherme\Desktop\aaa\Covtype\0_w_feature_3_w_tree_4_quat_True_arg_False\TreeLUT\verilog\class4_tree1.v'
Analyzing Verilog file 'C:\Users\Guilherme\Desktop\aaa\Covtype\0_w_feature_3_w_tree_4_quat_True_arg_False\TreeLUT\verilog\class4_tree2.v'
Analyzing Verilog file 'C:\Users\Guilherme\Desktop\aaa\Covtype\0_w_feature_3_w_tree_4_quat_True_arg_False\TreeLUT\verilog\class4_tree3.v'
Analyzing Verilog file 'C:\Users\Guilherme\Desktop\aaa\Covtype\0_w_feature_3_w_tree_4_quat_True_arg_False\TreeLUT\verilog\class4_tree4.v'
Analyzing Verilog file 'C:\Users\Guilherme\Desktop\aaa\Covtype\0_w_feature_3_w_tree_4_quat_True_arg_False\TreeLUT\verilog\class4_tree5.v'
Analyzing Verilog file 'C:\Users\Guilherme\Desktop\aaa\Covtype\0_w_feature_3_w_tree_4_quat_True_arg_False\TreeLUT\verilog\class4_tree6.v'
Analyzing Verilog file 'C:\Users\Guilherme\Desktop\aaa\Covtype\0_w_feature_3_w_tree_4_quat_True_arg_False\TreeLUT\verilog\class5_adder.v'
Analyzing Verilog file 'C:\Users\Guilherme\Desktop\aaa\Covtype\0_w_feature_3_w_tree_4_quat_True_arg_False\TreeLUT\verilog\class5_tree0.v'
Analyzing Verilog file 'C:\Users\Guilherme\Desktop\aaa\Covtype\0_w_feature_3_w_tree_4_quat_True_arg_False\TreeLUT\verilog\class5_tree1.v'
Analyzing Verilog file 'C:\Users\Guilherme\Desktop\aaa\Covtype\0_w_feature_3_w_tree_4_quat_True_arg_False\TreeLUT\verilog\class5_tree2.v'
Analyzing Verilog file 'C:\Users\Guilherme\Desktop\aaa\Covtype\0_w_feature_3_w_tree_4_quat_True_arg_False\TreeLUT\verilog\class5_tree3.v'
Analyzing Verilog file 'C:\Users\Guilherme\Desktop\aaa\Covtype\0_w_feature_3_w_tree_4_quat_True_arg_False\TreeLUT\verilog\class5_tree4.v'
Analyzing Verilog file 'C:\Users\Guilherme\Desktop\aaa\Covtype\0_w_feature_3_w_tree_4_quat_True_arg_False\TreeLUT\verilog\class5_tree5.v'
Analyzing Verilog file 'C:\Users\Guilherme\Desktop\aaa\Covtype\0_w_feature_3_w_tree_4_quat_True_arg_False\TreeLUT\verilog\class5_tree6.v'
Analyzing Verilog file 'C:\Users\Guilherme\Desktop\aaa\Covtype\0_w_feature_3_w_tree_4_quat_True_arg_False\TreeLUT\verilog\class6_adder.v'
Analyzing Verilog file 'C:\Users\Guilherme\Desktop\aaa\Covtype\0_w_feature_3_w_tree_4_quat_True_arg_False\TreeLUT\verilog\class6_tree0.v'
Analyzing Verilog file 'C:\Users\Guilherme\Desktop\aaa\Covtype\0_w_feature_3_w_tree_4_quat_True_arg_False\TreeLUT\verilog\class6_tree1.v'
Analyzing Verilog file 'C:\Users\Guilherme\Desktop\aaa\Covtype\0_w_feature_3_w_tree_4_quat_True_arg_False\TreeLUT\verilog\class6_tree2.v'
Analyzing Verilog file 'C:\Users\Guilherme\Desktop\aaa\Covtype\0_w_feature_3_w_tree_4_quat_True_arg_False\TreeLUT\verilog\class6_tree3.v'
Analyzing Verilog file 'C:\Users\Guilherme\Desktop\aaa\Covtype\0_w_feature_3_w_tree_4_quat_True_arg_False\TreeLUT\verilog\class6_tree4.v'
Analyzing Verilog file 'C:\Users\Guilherme\Desktop\aaa\Covtype\0_w_feature_3_w_tree_4_quat_True_arg_False\TreeLUT\verilog\class6_tree5.v'
Analyzing Verilog file 'C:\Users\Guilherme\Desktop\aaa\Covtype\0_w_feature_3_w_tree_4_quat_True_arg_False\TreeLUT\verilog\class6_tree6.v'
Analyzing Verilog file 'C:\Users\Guilherme\Desktop\aaa\Covtype\0_w_feature_3_w_tree_4_quat_True_arg_False\TreeLUT\verilog\TreeLUT.v'
Compiling module 'TreeLUT'("C:\Users\Guilherme\Desktop\aaa\Covtype\0_w_feature_3_w_tree_4_quat_True_arg_False\TreeLUT\verilog\TreeLUT.v":1)
Compiling module 'quantization'("C:\Users\Guilherme\Desktop\aaa\Covtype\0_w_feature_3_w_tree_4_quat_True_arg_False\TreeLUT\verilog\TreeLUT.v":178)
WARN  (EX3791) : Expression size 8 truncated to fit in target size 3("C:\Users\Guilherme\Desktop\aaa\Covtype\0_w_feature_3_w_tree_4_quat_True_arg_False\TreeLUT\verilog\TreeLUT.v":189)
WARN  (EX3791) : Expression size 8 truncated to fit in target size 3("C:\Users\Guilherme\Desktop\aaa\Covtype\0_w_feature_3_w_tree_4_quat_True_arg_False\TreeLUT\verilog\TreeLUT.v":190)
WARN  (EX3791) : Expression size 8 truncated to fit in target size 3("C:\Users\Guilherme\Desktop\aaa\Covtype\0_w_feature_3_w_tree_4_quat_True_arg_False\TreeLUT\verilog\TreeLUT.v":191)
WARN  (EX3791) : Expression size 8 truncated to fit in target size 3("C:\Users\Guilherme\Desktop\aaa\Covtype\0_w_feature_3_w_tree_4_quat_True_arg_False\TreeLUT\verilog\TreeLUT.v":192)
WARN  (EX3791) : Expression size 8 truncated to fit in target size 3("C:\Users\Guilherme\Desktop\aaa\Covtype\0_w_feature_3_w_tree_4_quat_True_arg_False\TreeLUT\verilog\TreeLUT.v":193)
WARN  (EX3791) : Expression size 8 truncated to fit in target size 3("C:\Users\Guilherme\Desktop\aaa\Covtype\0_w_feature_3_w_tree_4_quat_True_arg_False\TreeLUT\verilog\TreeLUT.v":194)
WARN  (EX3791) : Expression size 8 truncated to fit in target size 3("C:\Users\Guilherme\Desktop\aaa\Covtype\0_w_feature_3_w_tree_4_quat_True_arg_False\TreeLUT\verilog\TreeLUT.v":195)
WARN  (EX3791) : Expression size 8 truncated to fit in target size 3("C:\Users\Guilherme\Desktop\aaa\Covtype\0_w_feature_3_w_tree_4_quat_True_arg_False\TreeLUT\verilog\TreeLUT.v":196)
WARN  (EX3791) : Expression size 8 truncated to fit in target size 3("C:\Users\Guilherme\Desktop\aaa\Covtype\0_w_feature_3_w_tree_4_quat_True_arg_False\TreeLUT\verilog\TreeLUT.v":197)
WARN  (EX3791) : Expression size 8 truncated to fit in target size 3("C:\Users\Guilherme\Desktop\aaa\Covtype\0_w_feature_3_w_tree_4_quat_True_arg_False\TreeLUT\verilog\TreeLUT.v":198)
WARN  (EX3791) : Expression size 8 truncated to fit in target size 3("C:\Users\Guilherme\Desktop\aaa\Covtype\0_w_feature_3_w_tree_4_quat_True_arg_False\TreeLUT\verilog\TreeLUT.v":199)
WARN  (EX3791) : Expression size 8 truncated to fit in target size 3("C:\Users\Guilherme\Desktop\aaa\Covtype\0_w_feature_3_w_tree_4_quat_True_arg_False\TreeLUT\verilog\TreeLUT.v":200)
WARN  (EX3791) : Expression size 8 truncated to fit in target size 3("C:\Users\Guilherme\Desktop\aaa\Covtype\0_w_feature_3_w_tree_4_quat_True_arg_False\TreeLUT\verilog\TreeLUT.v":201)
WARN  (EX3791) : Expression size 8 truncated to fit in target size 3("C:\Users\Guilherme\Desktop\aaa\Covtype\0_w_feature_3_w_tree_4_quat_True_arg_False\TreeLUT\verilog\TreeLUT.v":202)
WARN  (EX3791) : Expression size 8 truncated to fit in target size 3("C:\Users\Guilherme\Desktop\aaa\Covtype\0_w_feature_3_w_tree_4_quat_True_arg_False\TreeLUT\verilog\TreeLUT.v":203)
WARN  (EX3791) : Expression size 8 truncated to fit in target size 3("C:\Users\Guilherme\Desktop\aaa\Covtype\0_w_feature_3_w_tree_4_quat_True_arg_False\TreeLUT\verilog\TreeLUT.v":204)
WARN  (EX3791) : Expression size 8 truncated to fit in target size 3("C:\Users\Guilherme\Desktop\aaa\Covtype\0_w_feature_3_w_tree_4_quat_True_arg_False\TreeLUT\verilog\TreeLUT.v":205)
WARN  (EX3791) : Expression size 8 truncated to fit in target size 3("C:\Users\Guilherme\Desktop\aaa\Covtype\0_w_feature_3_w_tree_4_quat_True_arg_False\TreeLUT\verilog\TreeLUT.v":206)
WARN  (EX3791) : Expression size 8 truncated to fit in target size 3("C:\Users\Guilherme\Desktop\aaa\Covtype\0_w_feature_3_w_tree_4_quat_True_arg_False\TreeLUT\verilog\TreeLUT.v":207)
WARN  (EX3791) : Expression size 8 truncated to fit in target size 3("C:\Users\Guilherme\Desktop\aaa\Covtype\0_w_feature_3_w_tree_4_quat_True_arg_False\TreeLUT\verilog\TreeLUT.v":208)
WARN  (EX3791) : Expression size 8 truncated to fit in target size 3("C:\Users\Guilherme\Desktop\aaa\Covtype\0_w_feature_3_w_tree_4_quat_True_arg_False\TreeLUT\verilog\TreeLUT.v":209)
WARN  (EX3791) : Expression size 8 truncated to fit in target size 3("C:\Users\Guilherme\Desktop\aaa\Covtype\0_w_feature_3_w_tree_4_quat_True_arg_False\TreeLUT\verilog\TreeLUT.v":210)
WARN  (EX3791) : Expression size 8 truncated to fit in target size 3("C:\Users\Guilherme\Desktop\aaa\Covtype\0_w_feature_3_w_tree_4_quat_True_arg_False\TreeLUT\verilog\TreeLUT.v":211)
WARN  (EX3791) : Expression size 8 truncated to fit in target size 3("C:\Users\Guilherme\Desktop\aaa\Covtype\0_w_feature_3_w_tree_4_quat_True_arg_False\TreeLUT\verilog\TreeLUT.v":212)
WARN  (EX3791) : Expression size 8 truncated to fit in target size 3("C:\Users\Guilherme\Desktop\aaa\Covtype\0_w_feature_3_w_tree_4_quat_True_arg_False\TreeLUT\verilog\TreeLUT.v":213)
WARN  (EX3791) : Expression size 8 truncated to fit in target size 3("C:\Users\Guilherme\Desktop\aaa\Covtype\0_w_feature_3_w_tree_4_quat_True_arg_False\TreeLUT\verilog\TreeLUT.v":214)
WARN  (EX3791) : Expression size 8 truncated to fit in target size 3("C:\Users\Guilherme\Desktop\aaa\Covtype\0_w_feature_3_w_tree_4_quat_True_arg_False\TreeLUT\verilog\TreeLUT.v":215)
WARN  (EX3791) : Expression size 8 truncated to fit in target size 3("C:\Users\Guilherme\Desktop\aaa\Covtype\0_w_feature_3_w_tree_4_quat_True_arg_False\TreeLUT\verilog\TreeLUT.v":216)
WARN  (EX3791) : Expression size 8 truncated to fit in target size 3("C:\Users\Guilherme\Desktop\aaa\Covtype\0_w_feature_3_w_tree_4_quat_True_arg_False\TreeLUT\verilog\TreeLUT.v":217)
WARN  (EX3791) : Expression size 8 truncated to fit in target size 3("C:\Users\Guilherme\Desktop\aaa\Covtype\0_w_feature_3_w_tree_4_quat_True_arg_False\TreeLUT\verilog\TreeLUT.v":218)
WARN  (EX3791) : Expression size 8 truncated to fit in target size 3("C:\Users\Guilherme\Desktop\aaa\Covtype\0_w_feature_3_w_tree_4_quat_True_arg_False\TreeLUT\verilog\TreeLUT.v":219)
WARN  (EX3791) : Expression size 8 truncated to fit in target size 3("C:\Users\Guilherme\Desktop\aaa\Covtype\0_w_feature_3_w_tree_4_quat_True_arg_False\TreeLUT\verilog\TreeLUT.v":220)
WARN  (EX3791) : Expression size 8 truncated to fit in target size 3("C:\Users\Guilherme\Desktop\aaa\Covtype\0_w_feature_3_w_tree_4_quat_True_arg_False\TreeLUT\verilog\TreeLUT.v":221)
WARN  (EX3791) : Expression size 8 truncated to fit in target size 3("C:\Users\Guilherme\Desktop\aaa\Covtype\0_w_feature_3_w_tree_4_quat_True_arg_False\TreeLUT\verilog\TreeLUT.v":222)
WARN  (EX3791) : Expression size 8 truncated to fit in target size 3("C:\Users\Guilherme\Desktop\aaa\Covtype\0_w_feature_3_w_tree_4_quat_True_arg_False\TreeLUT\verilog\TreeLUT.v":223)
WARN  (EX3791) : Expression size 8 truncated to fit in target size 3("C:\Users\Guilherme\Desktop\aaa\Covtype\0_w_feature_3_w_tree_4_quat_True_arg_False\TreeLUT\verilog\TreeLUT.v":224)
WARN  (EX3791) : Expression size 8 truncated to fit in target size 3("C:\Users\Guilherme\Desktop\aaa\Covtype\0_w_feature_3_w_tree_4_quat_True_arg_False\TreeLUT\verilog\TreeLUT.v":225)
WARN  (EX3791) : Expression size 8 truncated to fit in target size 3("C:\Users\Guilherme\Desktop\aaa\Covtype\0_w_feature_3_w_tree_4_quat_True_arg_False\TreeLUT\verilog\TreeLUT.v":226)
WARN  (EX3791) : Expression size 8 truncated to fit in target size 3("C:\Users\Guilherme\Desktop\aaa\Covtype\0_w_feature_3_w_tree_4_quat_True_arg_False\TreeLUT\verilog\TreeLUT.v":227)
WARN  (EX3791) : Expression size 8 truncated to fit in target size 3("C:\Users\Guilherme\Desktop\aaa\Covtype\0_w_feature_3_w_tree_4_quat_True_arg_False\TreeLUT\verilog\TreeLUT.v":228)
WARN  (EX3791) : Expression size 8 truncated to fit in target size 3("C:\Users\Guilherme\Desktop\aaa\Covtype\0_w_feature_3_w_tree_4_quat_True_arg_False\TreeLUT\verilog\TreeLUT.v":229)
WARN  (EX3791) : Expression size 8 truncated to fit in target size 3("C:\Users\Guilherme\Desktop\aaa\Covtype\0_w_feature_3_w_tree_4_quat_True_arg_False\TreeLUT\verilog\TreeLUT.v":230)
WARN  (EX3791) : Expression size 8 truncated to fit in target size 3("C:\Users\Guilherme\Desktop\aaa\Covtype\0_w_feature_3_w_tree_4_quat_True_arg_False\TreeLUT\verilog\TreeLUT.v":231)
WARN  (EX3791) : Expression size 8 truncated to fit in target size 3("C:\Users\Guilherme\Desktop\aaa\Covtype\0_w_feature_3_w_tree_4_quat_True_arg_False\TreeLUT\verilog\TreeLUT.v":232)
Compiling module 'class0_tree0'("C:\Users\Guilherme\Desktop\aaa\Covtype\0_w_feature_3_w_tree_4_quat_True_arg_False\TreeLUT\verilog\class0_tree0.v":1)
Compiling module 'class0_tree1'("C:\Users\Guilherme\Desktop\aaa\Covtype\0_w_feature_3_w_tree_4_quat_True_arg_False\TreeLUT\verilog\class0_tree1.v":1)
Compiling module 'class0_tree2'("C:\Users\Guilherme\Desktop\aaa\Covtype\0_w_feature_3_w_tree_4_quat_True_arg_False\TreeLUT\verilog\class0_tree2.v":1)
Compiling module 'class0_tree3'("C:\Users\Guilherme\Desktop\aaa\Covtype\0_w_feature_3_w_tree_4_quat_True_arg_False\TreeLUT\verilog\class0_tree3.v":1)
Compiling module 'class0_tree4'("C:\Users\Guilherme\Desktop\aaa\Covtype\0_w_feature_3_w_tree_4_quat_True_arg_False\TreeLUT\verilog\class0_tree4.v":1)
Compiling module 'class0_tree5'("C:\Users\Guilherme\Desktop\aaa\Covtype\0_w_feature_3_w_tree_4_quat_True_arg_False\TreeLUT\verilog\class0_tree5.v":1)
Compiling module 'class0_tree6'("C:\Users\Guilherme\Desktop\aaa\Covtype\0_w_feature_3_w_tree_4_quat_True_arg_False\TreeLUT\verilog\class0_tree6.v":1)
Compiling module 'class1_tree0'("C:\Users\Guilherme\Desktop\aaa\Covtype\0_w_feature_3_w_tree_4_quat_True_arg_False\TreeLUT\verilog\class1_tree0.v":1)
Compiling module 'class1_tree1'("C:\Users\Guilherme\Desktop\aaa\Covtype\0_w_feature_3_w_tree_4_quat_True_arg_False\TreeLUT\verilog\class1_tree1.v":1)
Compiling module 'class1_tree2'("C:\Users\Guilherme\Desktop\aaa\Covtype\0_w_feature_3_w_tree_4_quat_True_arg_False\TreeLUT\verilog\class1_tree2.v":1)
Compiling module 'class1_tree3'("C:\Users\Guilherme\Desktop\aaa\Covtype\0_w_feature_3_w_tree_4_quat_True_arg_False\TreeLUT\verilog\class1_tree3.v":1)
Compiling module 'class1_tree4'("C:\Users\Guilherme\Desktop\aaa\Covtype\0_w_feature_3_w_tree_4_quat_True_arg_False\TreeLUT\verilog\class1_tree4.v":1)
Compiling module 'class1_tree5'("C:\Users\Guilherme\Desktop\aaa\Covtype\0_w_feature_3_w_tree_4_quat_True_arg_False\TreeLUT\verilog\class1_tree5.v":1)
Compiling module 'class1_tree6'("C:\Users\Guilherme\Desktop\aaa\Covtype\0_w_feature_3_w_tree_4_quat_True_arg_False\TreeLUT\verilog\class1_tree6.v":1)
Compiling module 'class2_tree0'("C:\Users\Guilherme\Desktop\aaa\Covtype\0_w_feature_3_w_tree_4_quat_True_arg_False\TreeLUT\verilog\class2_tree0.v":1)
Compiling module 'class2_tree1'("C:\Users\Guilherme\Desktop\aaa\Covtype\0_w_feature_3_w_tree_4_quat_True_arg_False\TreeLUT\verilog\class2_tree1.v":1)
Compiling module 'class2_tree2'("C:\Users\Guilherme\Desktop\aaa\Covtype\0_w_feature_3_w_tree_4_quat_True_arg_False\TreeLUT\verilog\class2_tree2.v":1)
Compiling module 'class2_tree3'("C:\Users\Guilherme\Desktop\aaa\Covtype\0_w_feature_3_w_tree_4_quat_True_arg_False\TreeLUT\verilog\class2_tree3.v":1)
Compiling module 'class2_tree4'("C:\Users\Guilherme\Desktop\aaa\Covtype\0_w_feature_3_w_tree_4_quat_True_arg_False\TreeLUT\verilog\class2_tree4.v":1)
Compiling module 'class2_tree5'("C:\Users\Guilherme\Desktop\aaa\Covtype\0_w_feature_3_w_tree_4_quat_True_arg_False\TreeLUT\verilog\class2_tree5.v":1)
Compiling module 'class2_tree6'("C:\Users\Guilherme\Desktop\aaa\Covtype\0_w_feature_3_w_tree_4_quat_True_arg_False\TreeLUT\verilog\class2_tree6.v":1)
Compiling module 'class3_tree0'("C:\Users\Guilherme\Desktop\aaa\Covtype\0_w_feature_3_w_tree_4_quat_True_arg_False\TreeLUT\verilog\class3_tree0.v":1)
Compiling module 'class3_tree1'("C:\Users\Guilherme\Desktop\aaa\Covtype\0_w_feature_3_w_tree_4_quat_True_arg_False\TreeLUT\verilog\class3_tree1.v":1)
Compiling module 'class3_tree2'("C:\Users\Guilherme\Desktop\aaa\Covtype\0_w_feature_3_w_tree_4_quat_True_arg_False\TreeLUT\verilog\class3_tree2.v":1)
Compiling module 'class3_tree3'("C:\Users\Guilherme\Desktop\aaa\Covtype\0_w_feature_3_w_tree_4_quat_True_arg_False\TreeLUT\verilog\class3_tree3.v":1)
Compiling module 'class3_tree4'("C:\Users\Guilherme\Desktop\aaa\Covtype\0_w_feature_3_w_tree_4_quat_True_arg_False\TreeLUT\verilog\class3_tree4.v":1)
Compiling module 'class3_tree5'("C:\Users\Guilherme\Desktop\aaa\Covtype\0_w_feature_3_w_tree_4_quat_True_arg_False\TreeLUT\verilog\class3_tree5.v":1)
Compiling module 'class3_tree6'("C:\Users\Guilherme\Desktop\aaa\Covtype\0_w_feature_3_w_tree_4_quat_True_arg_False\TreeLUT\verilog\class3_tree6.v":1)
Compiling module 'class4_tree0'("C:\Users\Guilherme\Desktop\aaa\Covtype\0_w_feature_3_w_tree_4_quat_True_arg_False\TreeLUT\verilog\class4_tree0.v":1)
Compiling module 'class4_tree1'("C:\Users\Guilherme\Desktop\aaa\Covtype\0_w_feature_3_w_tree_4_quat_True_arg_False\TreeLUT\verilog\class4_tree1.v":1)
Compiling module 'class4_tree2'("C:\Users\Guilherme\Desktop\aaa\Covtype\0_w_feature_3_w_tree_4_quat_True_arg_False\TreeLUT\verilog\class4_tree2.v":1)
Compiling module 'class4_tree3'("C:\Users\Guilherme\Desktop\aaa\Covtype\0_w_feature_3_w_tree_4_quat_True_arg_False\TreeLUT\verilog\class4_tree3.v":1)
Compiling module 'class4_tree4'("C:\Users\Guilherme\Desktop\aaa\Covtype\0_w_feature_3_w_tree_4_quat_True_arg_False\TreeLUT\verilog\class4_tree4.v":1)
Compiling module 'class4_tree5'("C:\Users\Guilherme\Desktop\aaa\Covtype\0_w_feature_3_w_tree_4_quat_True_arg_False\TreeLUT\verilog\class4_tree5.v":1)
Compiling module 'class4_tree6'("C:\Users\Guilherme\Desktop\aaa\Covtype\0_w_feature_3_w_tree_4_quat_True_arg_False\TreeLUT\verilog\class4_tree6.v":1)
Compiling module 'class5_tree0'("C:\Users\Guilherme\Desktop\aaa\Covtype\0_w_feature_3_w_tree_4_quat_True_arg_False\TreeLUT\verilog\class5_tree0.v":1)
Compiling module 'class5_tree1'("C:\Users\Guilherme\Desktop\aaa\Covtype\0_w_feature_3_w_tree_4_quat_True_arg_False\TreeLUT\verilog\class5_tree1.v":1)
Compiling module 'class5_tree2'("C:\Users\Guilherme\Desktop\aaa\Covtype\0_w_feature_3_w_tree_4_quat_True_arg_False\TreeLUT\verilog\class5_tree2.v":1)
Compiling module 'class5_tree3'("C:\Users\Guilherme\Desktop\aaa\Covtype\0_w_feature_3_w_tree_4_quat_True_arg_False\TreeLUT\verilog\class5_tree3.v":1)
Compiling module 'class5_tree4'("C:\Users\Guilherme\Desktop\aaa\Covtype\0_w_feature_3_w_tree_4_quat_True_arg_False\TreeLUT\verilog\class5_tree4.v":1)
Compiling module 'class5_tree5'("C:\Users\Guilherme\Desktop\aaa\Covtype\0_w_feature_3_w_tree_4_quat_True_arg_False\TreeLUT\verilog\class5_tree5.v":1)
Compiling module 'class5_tree6'("C:\Users\Guilherme\Desktop\aaa\Covtype\0_w_feature_3_w_tree_4_quat_True_arg_False\TreeLUT\verilog\class5_tree6.v":1)
Compiling module 'class6_tree0'("C:\Users\Guilherme\Desktop\aaa\Covtype\0_w_feature_3_w_tree_4_quat_True_arg_False\TreeLUT\verilog\class6_tree0.v":1)
Compiling module 'class6_tree1'("C:\Users\Guilherme\Desktop\aaa\Covtype\0_w_feature_3_w_tree_4_quat_True_arg_False\TreeLUT\verilog\class6_tree1.v":1)
Compiling module 'class6_tree2'("C:\Users\Guilherme\Desktop\aaa\Covtype\0_w_feature_3_w_tree_4_quat_True_arg_False\TreeLUT\verilog\class6_tree2.v":1)
Compiling module 'class6_tree3'("C:\Users\Guilherme\Desktop\aaa\Covtype\0_w_feature_3_w_tree_4_quat_True_arg_False\TreeLUT\verilog\class6_tree3.v":1)
Compiling module 'class6_tree4'("C:\Users\Guilherme\Desktop\aaa\Covtype\0_w_feature_3_w_tree_4_quat_True_arg_False\TreeLUT\verilog\class6_tree4.v":1)
Compiling module 'class6_tree5'("C:\Users\Guilherme\Desktop\aaa\Covtype\0_w_feature_3_w_tree_4_quat_True_arg_False\TreeLUT\verilog\class6_tree5.v":1)
Compiling module 'class6_tree6'("C:\Users\Guilherme\Desktop\aaa\Covtype\0_w_feature_3_w_tree_4_quat_True_arg_False\TreeLUT\verilog\class6_tree6.v":1)
Compiling module 'class0_adder'("C:\Users\Guilherme\Desktop\aaa\Covtype\0_w_feature_3_w_tree_4_quat_True_arg_False\TreeLUT\verilog\class0_adder.v":1)
Compiling module 'class1_adder'("C:\Users\Guilherme\Desktop\aaa\Covtype\0_w_feature_3_w_tree_4_quat_True_arg_False\TreeLUT\verilog\class1_adder.v":1)
Compiling module 'class2_adder'("C:\Users\Guilherme\Desktop\aaa\Covtype\0_w_feature_3_w_tree_4_quat_True_arg_False\TreeLUT\verilog\class2_adder.v":1)
Compiling module 'class3_adder'("C:\Users\Guilherme\Desktop\aaa\Covtype\0_w_feature_3_w_tree_4_quat_True_arg_False\TreeLUT\verilog\class3_adder.v":1)
Compiling module 'class4_adder'("C:\Users\Guilherme\Desktop\aaa\Covtype\0_w_feature_3_w_tree_4_quat_True_arg_False\TreeLUT\verilog\class4_adder.v":1)
Compiling module 'class5_adder'("C:\Users\Guilherme\Desktop\aaa\Covtype\0_w_feature_3_w_tree_4_quat_True_arg_False\TreeLUT\verilog\class5_adder.v":1)
Compiling module 'class6_adder'("C:\Users\Guilherme\Desktop\aaa\Covtype\0_w_feature_3_w_tree_4_quat_True_arg_False\TreeLUT\verilog\class6_adder.v":1)
NOTE  (EX0101) : Current top module is "TreeLUT"
[5%] Running netlist conversion ...
WARN  (CV0020) : Input all_features[431:427] is unused("C:\Users\Guilherme\Desktop\aaa\Covtype\0_w_feature_3_w_tree_4_quat_True_arg_False\TreeLUT\verilog\TreeLUT.v":1)
WARN  (CV0020) : Input all_features[423:419] is unused("C:\Users\Guilherme\Desktop\aaa\Covtype\0_w_feature_3_w_tree_4_quat_True_arg_False\TreeLUT\verilog\TreeLUT.v":1)
WARN  (CV0020) : Input all_features[415:411] is unused("C:\Users\Guilherme\Desktop\aaa\Covtype\0_w_feature_3_w_tree_4_quat_True_arg_False\TreeLUT\verilog\TreeLUT.v":1)
WARN  (CV0020) : Input all_features[407:403] is unused("C:\Users\Guilherme\Desktop\aaa\Covtype\0_w_feature_3_w_tree_4_quat_True_arg_False\TreeLUT\verilog\TreeLUT.v":1)
WARN  (CV0020) : Input all_features[399:395] is unused("C:\Users\Guilherme\Desktop\aaa\Covtype\0_w_feature_3_w_tree_4_quat_True_arg_False\TreeLUT\verilog\TreeLUT.v":1)
WARN  (CV0020) : Input all_features[391:387] is unused("C:\Users\Guilherme\Desktop\aaa\Covtype\0_w_feature_3_w_tree_4_quat_True_arg_False\TreeLUT\verilog\TreeLUT.v":1)
WARN  (CV0020) : Input all_features[383:379] is unused("C:\Users\Guilherme\Desktop\aaa\Covtype\0_w_feature_3_w_tree_4_quat_True_arg_False\TreeLUT\verilog\TreeLUT.v":1)
WARN  (CV0020) : Input all_features[375:371] is unused("C:\Users\Guilherme\Desktop\aaa\Covtype\0_w_feature_3_w_tree_4_quat_True_arg_False\TreeLUT\verilog\TreeLUT.v":1)
WARN  (CV0020) : Input all_features[367:363] is unused("C:\Users\Guilherme\Desktop\aaa\Covtype\0_w_feature_3_w_tree_4_quat_True_arg_False\TreeLUT\verilog\TreeLUT.v":1)
WARN  (CV0020) : Input all_features[359:355] is unused("C:\Users\Guilherme\Desktop\aaa\Covtype\0_w_feature_3_w_tree_4_quat_True_arg_False\TreeLUT\verilog\TreeLUT.v":1)
WARN  (CV0020) : Input all_features[351:347] is unused("C:\Users\Guilherme\Desktop\aaa\Covtype\0_w_feature_3_w_tree_4_quat_True_arg_False\TreeLUT\verilog\TreeLUT.v":1)
WARN  (CV0020) : Input all_features[343:339] is unused("C:\Users\Guilherme\Desktop\aaa\Covtype\0_w_feature_3_w_tree_4_quat_True_arg_False\TreeLUT\verilog\TreeLUT.v":1)
WARN  (CV0020) : Input all_features[335:331] is unused("C:\Users\Guilherme\Desktop\aaa\Covtype\0_w_feature_3_w_tree_4_quat_True_arg_False\TreeLUT\verilog\TreeLUT.v":1)
WARN  (CV0020) : Input all_features[327:323] is unused("C:\Users\Guilherme\Desktop\aaa\Covtype\0_w_feature_3_w_tree_4_quat_True_arg_False\TreeLUT\verilog\TreeLUT.v":1)
WARN  (CV0020) : Input all_features[319:315] is unused("C:\Users\Guilherme\Desktop\aaa\Covtype\0_w_feature_3_w_tree_4_quat_True_arg_False\TreeLUT\verilog\TreeLUT.v":1)
WARN  (CV0020) : Input all_features[311:307] is unused("C:\Users\Guilherme\Desktop\aaa\Covtype\0_w_feature_3_w_tree_4_quat_True_arg_False\TreeLUT\verilog\TreeLUT.v":1)
WARN  (CV0020) : Input all_features[303:299] is unused("C:\Users\Guilherme\Desktop\aaa\Covtype\0_w_feature_3_w_tree_4_quat_True_arg_False\TreeLUT\verilog\TreeLUT.v":1)
WARN  (CV0020) : Input all_features[295:291] is unused("C:\Users\Guilherme\Desktop\aaa\Covtype\0_w_feature_3_w_tree_4_quat_True_arg_False\TreeLUT\verilog\TreeLUT.v":1)
WARN  (CV0020) : Input all_features[287:275] is unused("C:\Users\Guilherme\Desktop\aaa\Covtype\0_w_feature_3_w_tree_4_quat_True_arg_False\TreeLUT\verilog\TreeLUT.v":1)
WARN  (CV0020) : Input all_features[271:267] is unused("C:\Users\Guilherme\Desktop\aaa\Covtype\0_w_feature_3_w_tree_4_quat_True_arg_False\TreeLUT\verilog\TreeLUT.v":1)
WARN  (CV0020) : Input all_features[263:259] is unused("C:\Users\Guilherme\Desktop\aaa\Covtype\0_w_feature_3_w_tree_4_quat_True_arg_False\TreeLUT\verilog\TreeLUT.v":1)
WARN  (CV0020) : Input all_features[255:251] is unused("C:\Users\Guilherme\Desktop\aaa\Covtype\0_w_feature_3_w_tree_4_quat_True_arg_False\TreeLUT\verilog\TreeLUT.v":1)
WARN  (CV0020) : Input all_features[247:243] is unused("C:\Users\Guilherme\Desktop\aaa\Covtype\0_w_feature_3_w_tree_4_quat_True_arg_False\TreeLUT\verilog\TreeLUT.v":1)
WARN  (CV0020) : Input all_features[239:235] is unused("C:\Users\Guilherme\Desktop\aaa\Covtype\0_w_feature_3_w_tree_4_quat_True_arg_False\TreeLUT\verilog\TreeLUT.v":1)
WARN  (CV0020) : Input all_features[231:227] is unused("C:\Users\Guilherme\Desktop\aaa\Covtype\0_w_feature_3_w_tree_4_quat_True_arg_False\TreeLUT\verilog\TreeLUT.v":1)
WARN  (CV0020) : Input all_features[223:219] is unused("C:\Users\Guilherme\Desktop\aaa\Covtype\0_w_feature_3_w_tree_4_quat_True_arg_False\TreeLUT\verilog\TreeLUT.v":1)
WARN  (CV0020) : Input all_features[215:211] is unused("C:\Users\Guilherme\Desktop\aaa\Covtype\0_w_feature_3_w_tree_4_quat_True_arg_False\TreeLUT\verilog\TreeLUT.v":1)
WARN  (CV0020) : Input all_features[207:195] is unused("C:\Users\Guilherme\Desktop\aaa\Covtype\0_w_feature_3_w_tree_4_quat_True_arg_False\TreeLUT\verilog\TreeLUT.v":1)
WARN  (CV0020) : Input all_features[191:187] is unused("C:\Users\Guilherme\Desktop\aaa\Covtype\0_w_feature_3_w_tree_4_quat_True_arg_False\TreeLUT\verilog\TreeLUT.v":1)
WARN  (CV0020) : Input all_features[183:179] is unused("C:\Users\Guilherme\Desktop\aaa\Covtype\0_w_feature_3_w_tree_4_quat_True_arg_False\TreeLUT\verilog\TreeLUT.v":1)
WARN  (CV0020) : Input all_features[175:171] is unused("C:\Users\Guilherme\Desktop\aaa\Covtype\0_w_feature_3_w_tree_4_quat_True_arg_False\TreeLUT\verilog\TreeLUT.v":1)
WARN  (CV0020) : Input all_features[167:163] is unused("C:\Users\Guilherme\Desktop\aaa\Covtype\0_w_feature_3_w_tree_4_quat_True_arg_False\TreeLUT\verilog\TreeLUT.v":1)
WARN  (CV0020) : Input all_features[159:155] is unused("C:\Users\Guilherme\Desktop\aaa\Covtype\0_w_feature_3_w_tree_4_quat_True_arg_False\TreeLUT\verilog\TreeLUT.v":1)
WARN  (CV0020) : Input all_features[151:131] is unused("C:\Users\Guilherme\Desktop\aaa\Covtype\0_w_feature_3_w_tree_4_quat_True_arg_False\TreeLUT\verilog\TreeLUT.v":1)
WARN  (CV0020) : Input all_features[127:123] is unused("C:\Users\Guilherme\Desktop\aaa\Covtype\0_w_feature_3_w_tree_4_quat_True_arg_False\TreeLUT\verilog\TreeLUT.v":1)
WARN  (CV0020) : Input all_features[119:115] is unused("C:\Users\Guilherme\Desktop\aaa\Covtype\0_w_feature_3_w_tree_4_quat_True_arg_False\TreeLUT\verilog\TreeLUT.v":1)
WARN  (CV0020) : Input all_features[111:107] is unused("C:\Users\Guilherme\Desktop\aaa\Covtype\0_w_feature_3_w_tree_4_quat_True_arg_False\TreeLUT\verilog\TreeLUT.v":1)
WARN  (CV0020) : Input all_features[103:99] is unused("C:\Users\Guilherme\Desktop\aaa\Covtype\0_w_feature_3_w_tree_4_quat_True_arg_False\TreeLUT\verilog\TreeLUT.v":1)
WARN  (CV0020) : Input all_features[95:91] is unused("C:\Users\Guilherme\Desktop\aaa\Covtype\0_w_feature_3_w_tree_4_quat_True_arg_False\TreeLUT\verilog\TreeLUT.v":1)
Running device independent optimization ...
[10%] Optimizing Phase 0 completed
[15%] Optimizing Phase 1 completed
[25%] Optimizing Phase 2 completed
Running inference ...
[30%] Inferring Phase 0 completed
[40%] Inferring Phase 1 completed
[50%] Inferring Phase 2 completed
[55%] Inferring Phase 3 completed
Running technical mapping ...
[60%] Tech-Mapping Phase 0 completed
[65%] Tech-Mapping Phase 1 completed
[75%] Tech-Mapping Phase 2 completed
[80%] Tech-Mapping Phase 3 completed
[90%] Tech-Mapping Phase 4 completed
WARN  (NL0002) : The module "class0_tree0" instantiated to "class0_tree0_inst" is swept in optimizing("C:\Users\Guilherme\Desktop\aaa\Covtype\0_w_feature_3_w_tree_4_quat_True_arg_False\TreeLUT\verilog\TreeLUT.v":117)
WARN  (NL0002) : The module "class2_tree4" instantiated to "class2_tree4_inst" is swept in optimizing("C:\Users\Guilherme\Desktop\aaa\Covtype\0_w_feature_3_w_tree_4_quat_True_arg_False\TreeLUT\verilog\TreeLUT.v":135)
WARN  (NL0002) : The module "class3_tree5" instantiated to "class3_tree5_inst" is swept in optimizing("C:\Users\Guilherme\Desktop\aaa\Covtype\0_w_feature_3_w_tree_4_quat_True_arg_False\TreeLUT\verilog\TreeLUT.v":143)
WARN  (NL0002) : The module "class4_tree0" instantiated to "class4_tree0_inst" is swept in optimizing("C:\Users\Guilherme\Desktop\aaa\Covtype\0_w_feature_3_w_tree_4_quat_True_arg_False\TreeLUT\verilog\TreeLUT.v":145)
[95%] Generate netlist file "C:\Users\Guilherme\Desktop\aaa\Covtype\0_w_feature_3_w_tree_4_quat_True_arg_False\temp_gowin\impl\gwsynthesis\project.vg" completed
[100%] Generate report file "C:\Users\Guilherme\Desktop\aaa\Covtype\0_w_feature_3_w_tree_4_quat_True_arg_False\temp_gowin\impl\gwsynthesis\project_syn.rpt.html" completed
GowinSynthesis finish
