GowinSynthesis start
Running parser ...
Analyzing Verilog file 'C:\Users\Guilherme\Desktop\aaa\Covtype\0_w_feature_1_w_tree_4_quat_True_arg_True\TreeLUT\verilog\class0_adder.v'
Analyzing Verilog file 'C:\Users\Guilherme\Desktop\aaa\Covtype\0_w_feature_1_w_tree_4_quat_True_arg_True\TreeLUT\verilog\class0_tree0.v'
Analyzing Verilog file 'C:\Users\Guilherme\Desktop\aaa\Covtype\0_w_feature_1_w_tree_4_quat_True_arg_True\TreeLUT\verilog\class0_tree1.v'
Analyzing Verilog file 'C:\Users\Guilherme\Desktop\aaa\Covtype\0_w_feature_1_w_tree_4_quat_True_arg_True\TreeLUT\verilog\class0_tree2.v'
Analyzing Verilog file 'C:\Users\Guilherme\Desktop\aaa\Covtype\0_w_feature_1_w_tree_4_quat_True_arg_True\TreeLUT\verilog\class0_tree3.v'
Analyzing Verilog file 'C:\Users\Guilherme\Desktop\aaa\Covtype\0_w_feature_1_w_tree_4_quat_True_arg_True\TreeLUT\verilog\class0_tree4.v'
Analyzing Verilog file 'C:\Users\Guilherme\Desktop\aaa\Covtype\0_w_feature_1_w_tree_4_quat_True_arg_True\TreeLUT\verilog\class0_tree5.v'
Analyzing Verilog file 'C:\Users\Guilherme\Desktop\aaa\Covtype\0_w_feature_1_w_tree_4_quat_True_arg_True\TreeLUT\verilog\class0_tree6.v'
Analyzing Verilog file 'C:\Users\Guilherme\Desktop\aaa\Covtype\0_w_feature_1_w_tree_4_quat_True_arg_True\TreeLUT\verilog\class1_adder.v'
Analyzing Verilog file 'C:\Users\Guilherme\Desktop\aaa\Covtype\0_w_feature_1_w_tree_4_quat_True_arg_True\TreeLUT\verilog\class1_tree0.v'
Analyzing Verilog file 'C:\Users\Guilherme\Desktop\aaa\Covtype\0_w_feature_1_w_tree_4_quat_True_arg_True\TreeLUT\verilog\class1_tree1.v'
Analyzing Verilog file 'C:\Users\Guilherme\Desktop\aaa\Covtype\0_w_feature_1_w_tree_4_quat_True_arg_True\TreeLUT\verilog\class1_tree2.v'
Analyzing Verilog file 'C:\Users\Guilherme\Desktop\aaa\Covtype\0_w_feature_1_w_tree_4_quat_True_arg_True\TreeLUT\verilog\class1_tree3.v'
Analyzing Verilog file 'C:\Users\Guilherme\Desktop\aaa\Covtype\0_w_feature_1_w_tree_4_quat_True_arg_True\TreeLUT\verilog\class1_tree4.v'
Analyzing Verilog file 'C:\Users\Guilherme\Desktop\aaa\Covtype\0_w_feature_1_w_tree_4_quat_True_arg_True\TreeLUT\verilog\class1_tree5.v'
Analyzing Verilog file 'C:\Users\Guilherme\Desktop\aaa\Covtype\0_w_feature_1_w_tree_4_quat_True_arg_True\TreeLUT\verilog\class1_tree6.v'
Analyzing Verilog file 'C:\Users\Guilherme\Desktop\aaa\Covtype\0_w_feature_1_w_tree_4_quat_True_arg_True\TreeLUT\verilog\class2_adder.v'
Analyzing Verilog file 'C:\Users\Guilherme\Desktop\aaa\Covtype\0_w_feature_1_w_tree_4_quat_True_arg_True\TreeLUT\verilog\class2_tree0.v'
Analyzing Verilog file 'C:\Users\Guilherme\Desktop\aaa\Covtype\0_w_feature_1_w_tree_4_quat_True_arg_True\TreeLUT\verilog\class2_tree1.v'
Analyzing Verilog file 'C:\Users\Guilherme\Desktop\aaa\Covtype\0_w_feature_1_w_tree_4_quat_True_arg_True\TreeLUT\verilog\class2_tree2.v'
Analyzing Verilog file 'C:\Users\Guilherme\Desktop\aaa\Covtype\0_w_feature_1_w_tree_4_quat_True_arg_True\TreeLUT\verilog\class2_tree3.v'
Analyzing Verilog file 'C:\Users\Guilherme\Desktop\aaa\Covtype\0_w_feature_1_w_tree_4_quat_True_arg_True\TreeLUT\verilog\class2_tree4.v'
Analyzing Verilog file 'C:\Users\Guilherme\Desktop\aaa\Covtype\0_w_feature_1_w_tree_4_quat_True_arg_True\TreeLUT\verilog\class2_tree5.v'
Analyzing Verilog file 'C:\Users\Guilherme\Desktop\aaa\Covtype\0_w_feature_1_w_tree_4_quat_True_arg_True\TreeLUT\verilog\class2_tree6.v'
Analyzing Verilog file 'C:\Users\Guilherme\Desktop\aaa\Covtype\0_w_feature_1_w_tree_4_quat_True_arg_True\TreeLUT\verilog\class3_adder.v'
Analyzing Verilog file 'C:\Users\Guilherme\Desktop\aaa\Covtype\0_w_feature_1_w_tree_4_quat_True_arg_True\TreeLUT\verilog\class3_tree0.v'
Analyzing Verilog file 'C:\Users\Guilherme\Desktop\aaa\Covtype\0_w_feature_1_w_tree_4_quat_True_arg_True\TreeLUT\verilog\class3_tree1.v'
Analyzing Verilog file 'C:\Users\Guilherme\Desktop\aaa\Covtype\0_w_feature_1_w_tree_4_quat_True_arg_True\TreeLUT\verilog\class3_tree2.v'
Analyzing Verilog file 'C:\Users\Guilherme\Desktop\aaa\Covtype\0_w_feature_1_w_tree_4_quat_True_arg_True\TreeLUT\verilog\class3_tree3.v'
Analyzing Verilog file 'C:\Users\Guilherme\Desktop\aaa\Covtype\0_w_feature_1_w_tree_4_quat_True_arg_True\TreeLUT\verilog\class3_tree4.v'
Analyzing Verilog file 'C:\Users\Guilherme\Desktop\aaa\Covtype\0_w_feature_1_w_tree_4_quat_True_arg_True\TreeLUT\verilog\class3_tree5.v'
Analyzing Verilog file 'C:\Users\Guilherme\Desktop\aaa\Covtype\0_w_feature_1_w_tree_4_quat_True_arg_True\TreeLUT\verilog\class3_tree6.v'
Analyzing Verilog file 'C:\Users\Guilherme\Desktop\aaa\Covtype\0_w_feature_1_w_tree_4_quat_True_arg_True\TreeLUT\verilog\class4_adder.v'
Analyzing Verilog file 'C:\Users\Guilherme\Desktop\aaa\Covtype\0_w_feature_1_w_tree_4_quat_True_arg_True\TreeLUT\verilog\class4_tree0.v'
Analyzing Verilog file 'C:\Users\Guilherme\Desktop\aaa\Covtype\0_w_feature_1_w_tree_4_quat_True_arg_True\TreeLUT\verilog\class4_tree1.v'
Analyzing Verilog file 'C:\Users\Guilherme\Desktop\aaa\Covtype\0_w_feature_1_w_tree_4_quat_True_arg_True\TreeLUT\verilog\class4_tree2.v'
Analyzing Verilog file 'C:\Users\Guilherme\Desktop\aaa\Covtype\0_w_feature_1_w_tree_4_quat_True_arg_True\TreeLUT\verilog\class4_tree3.v'
Analyzing Verilog file 'C:\Users\Guilherme\Desktop\aaa\Covtype\0_w_feature_1_w_tree_4_quat_True_arg_True\TreeLUT\verilog\class4_tree4.v'
Analyzing Verilog file 'C:\Users\Guilherme\Desktop\aaa\Covtype\0_w_feature_1_w_tree_4_quat_True_arg_True\TreeLUT\verilog\class4_tree5.v'
Analyzing Verilog file 'C:\Users\Guilherme\Desktop\aaa\Covtype\0_w_feature_1_w_tree_4_quat_True_arg_True\TreeLUT\verilog\class4_tree6.v'
Analyzing Verilog file 'C:\Users\Guilherme\Desktop\aaa\Covtype\0_w_feature_1_w_tree_4_quat_True_arg_True\TreeLUT\verilog\class5_adder.v'
Analyzing Verilog file 'C:\Users\Guilherme\Desktop\aaa\Covtype\0_w_feature_1_w_tree_4_quat_True_arg_True\TreeLUT\verilog\class5_tree0.v'
Analyzing Verilog file 'C:\Users\Guilherme\Desktop\aaa\Covtype\0_w_feature_1_w_tree_4_quat_True_arg_True\TreeLUT\verilog\class5_tree1.v'
Analyzing Verilog file 'C:\Users\Guilherme\Desktop\aaa\Covtype\0_w_feature_1_w_tree_4_quat_True_arg_True\TreeLUT\verilog\class5_tree2.v'
Analyzing Verilog file 'C:\Users\Guilherme\Desktop\aaa\Covtype\0_w_feature_1_w_tree_4_quat_True_arg_True\TreeLUT\verilog\class5_tree3.v'
Analyzing Verilog file 'C:\Users\Guilherme\Desktop\aaa\Covtype\0_w_feature_1_w_tree_4_quat_True_arg_True\TreeLUT\verilog\class5_tree4.v'
Analyzing Verilog file 'C:\Users\Guilherme\Desktop\aaa\Covtype\0_w_feature_1_w_tree_4_quat_True_arg_True\TreeLUT\verilog\class5_tree5.v'
Analyzing Verilog file 'C:\Users\Guilherme\Desktop\aaa\Covtype\0_w_feature_1_w_tree_4_quat_True_arg_True\TreeLUT\verilog\class5_tree6.v'
Analyzing Verilog file 'C:\Users\Guilherme\Desktop\aaa\Covtype\0_w_feature_1_w_tree_4_quat_True_arg_True\TreeLUT\verilog\class6_adder.v'
Analyzing Verilog file 'C:\Users\Guilherme\Desktop\aaa\Covtype\0_w_feature_1_w_tree_4_quat_True_arg_True\TreeLUT\verilog\class6_tree0.v'
Analyzing Verilog file 'C:\Users\Guilherme\Desktop\aaa\Covtype\0_w_feature_1_w_tree_4_quat_True_arg_True\TreeLUT\verilog\class6_tree1.v'
Analyzing Verilog file 'C:\Users\Guilherme\Desktop\aaa\Covtype\0_w_feature_1_w_tree_4_quat_True_arg_True\TreeLUT\verilog\class6_tree2.v'
Analyzing Verilog file 'C:\Users\Guilherme\Desktop\aaa\Covtype\0_w_feature_1_w_tree_4_quat_True_arg_True\TreeLUT\verilog\class6_tree3.v'
Analyzing Verilog file 'C:\Users\Guilherme\Desktop\aaa\Covtype\0_w_feature_1_w_tree_4_quat_True_arg_True\TreeLUT\verilog\class6_tree4.v'
Analyzing Verilog file 'C:\Users\Guilherme\Desktop\aaa\Covtype\0_w_feature_1_w_tree_4_quat_True_arg_True\TreeLUT\verilog\class6_tree5.v'
Analyzing Verilog file 'C:\Users\Guilherme\Desktop\aaa\Covtype\0_w_feature_1_w_tree_4_quat_True_arg_True\TreeLUT\verilog\class6_tree6.v'
Analyzing Verilog file 'C:\Users\Guilherme\Desktop\aaa\Covtype\0_w_feature_1_w_tree_4_quat_True_arg_True\TreeLUT\verilog\TreeLUT.v'
Compiling module 'TreeLUT'("C:\Users\Guilherme\Desktop\aaa\Covtype\0_w_feature_1_w_tree_4_quat_True_arg_True\TreeLUT\verilog\TreeLUT.v":1)
Compiling module 'quantization'("C:\Users\Guilherme\Desktop\aaa\Covtype\0_w_feature_1_w_tree_4_quat_True_arg_True\TreeLUT\verilog\TreeLUT.v":152)
WARN  (EX3791) : Expression size 8 truncated to fit in target size 1("C:\Users\Guilherme\Desktop\aaa\Covtype\0_w_feature_1_w_tree_4_quat_True_arg_True\TreeLUT\verilog\TreeLUT.v":163)
WARN  (EX3791) : Expression size 8 truncated to fit in target size 1("C:\Users\Guilherme\Desktop\aaa\Covtype\0_w_feature_1_w_tree_4_quat_True_arg_True\TreeLUT\verilog\TreeLUT.v":164)
WARN  (EX3791) : Expression size 8 truncated to fit in target size 1("C:\Users\Guilherme\Desktop\aaa\Covtype\0_w_feature_1_w_tree_4_quat_True_arg_True\TreeLUT\verilog\TreeLUT.v":165)
WARN  (EX3791) : Expression size 8 truncated to fit in target size 1("C:\Users\Guilherme\Desktop\aaa\Covtype\0_w_feature_1_w_tree_4_quat_True_arg_True\TreeLUT\verilog\TreeLUT.v":166)
WARN  (EX3791) : Expression size 8 truncated to fit in target size 1("C:\Users\Guilherme\Desktop\aaa\Covtype\0_w_feature_1_w_tree_4_quat_True_arg_True\TreeLUT\verilog\TreeLUT.v":167)
WARN  (EX3791) : Expression size 8 truncated to fit in target size 1("C:\Users\Guilherme\Desktop\aaa\Covtype\0_w_feature_1_w_tree_4_quat_True_arg_True\TreeLUT\verilog\TreeLUT.v":168)
WARN  (EX3791) : Expression size 8 truncated to fit in target size 1("C:\Users\Guilherme\Desktop\aaa\Covtype\0_w_feature_1_w_tree_4_quat_True_arg_True\TreeLUT\verilog\TreeLUT.v":169)
WARN  (EX3791) : Expression size 8 truncated to fit in target size 1("C:\Users\Guilherme\Desktop\aaa\Covtype\0_w_feature_1_w_tree_4_quat_True_arg_True\TreeLUT\verilog\TreeLUT.v":170)
WARN  (EX3791) : Expression size 8 truncated to fit in target size 1("C:\Users\Guilherme\Desktop\aaa\Covtype\0_w_feature_1_w_tree_4_quat_True_arg_True\TreeLUT\verilog\TreeLUT.v":171)
WARN  (EX3791) : Expression size 8 truncated to fit in target size 1("C:\Users\Guilherme\Desktop\aaa\Covtype\0_w_feature_1_w_tree_4_quat_True_arg_True\TreeLUT\verilog\TreeLUT.v":172)
WARN  (EX3791) : Expression size 8 truncated to fit in target size 1("C:\Users\Guilherme\Desktop\aaa\Covtype\0_w_feature_1_w_tree_4_quat_True_arg_True\TreeLUT\verilog\TreeLUT.v":173)
WARN  (EX3791) : Expression size 8 truncated to fit in target size 1("C:\Users\Guilherme\Desktop\aaa\Covtype\0_w_feature_1_w_tree_4_quat_True_arg_True\TreeLUT\verilog\TreeLUT.v":174)
WARN  (EX3791) : Expression size 8 truncated to fit in target size 1("C:\Users\Guilherme\Desktop\aaa\Covtype\0_w_feature_1_w_tree_4_quat_True_arg_True\TreeLUT\verilog\TreeLUT.v":175)
WARN  (EX3791) : Expression size 8 truncated to fit in target size 1("C:\Users\Guilherme\Desktop\aaa\Covtype\0_w_feature_1_w_tree_4_quat_True_arg_True\TreeLUT\verilog\TreeLUT.v":176)
WARN  (EX3791) : Expression size 8 truncated to fit in target size 1("C:\Users\Guilherme\Desktop\aaa\Covtype\0_w_feature_1_w_tree_4_quat_True_arg_True\TreeLUT\verilog\TreeLUT.v":177)
WARN  (EX3791) : Expression size 8 truncated to fit in target size 1("C:\Users\Guilherme\Desktop\aaa\Covtype\0_w_feature_1_w_tree_4_quat_True_arg_True\TreeLUT\verilog\TreeLUT.v":178)
WARN  (EX3791) : Expression size 8 truncated to fit in target size 1("C:\Users\Guilherme\Desktop\aaa\Covtype\0_w_feature_1_w_tree_4_quat_True_arg_True\TreeLUT\verilog\TreeLUT.v":179)
WARN  (EX3791) : Expression size 8 truncated to fit in target size 1("C:\Users\Guilherme\Desktop\aaa\Covtype\0_w_feature_1_w_tree_4_quat_True_arg_True\TreeLUT\verilog\TreeLUT.v":180)
WARN  (EX3791) : Expression size 8 truncated to fit in target size 1("C:\Users\Guilherme\Desktop\aaa\Covtype\0_w_feature_1_w_tree_4_quat_True_arg_True\TreeLUT\verilog\TreeLUT.v":181)
WARN  (EX3791) : Expression size 8 truncated to fit in target size 1("C:\Users\Guilherme\Desktop\aaa\Covtype\0_w_feature_1_w_tree_4_quat_True_arg_True\TreeLUT\verilog\TreeLUT.v":182)
WARN  (EX3791) : Expression size 8 truncated to fit in target size 1("C:\Users\Guilherme\Desktop\aaa\Covtype\0_w_feature_1_w_tree_4_quat_True_arg_True\TreeLUT\verilog\TreeLUT.v":183)
WARN  (EX3791) : Expression size 8 truncated to fit in target size 1("C:\Users\Guilherme\Desktop\aaa\Covtype\0_w_feature_1_w_tree_4_quat_True_arg_True\TreeLUT\verilog\TreeLUT.v":184)
WARN  (EX3791) : Expression size 8 truncated to fit in target size 1("C:\Users\Guilherme\Desktop\aaa\Covtype\0_w_feature_1_w_tree_4_quat_True_arg_True\TreeLUT\verilog\TreeLUT.v":185)
WARN  (EX3791) : Expression size 8 truncated to fit in target size 1("C:\Users\Guilherme\Desktop\aaa\Covtype\0_w_feature_1_w_tree_4_quat_True_arg_True\TreeLUT\verilog\TreeLUT.v":186)
WARN  (EX3791) : Expression size 8 truncated to fit in target size 1("C:\Users\Guilherme\Desktop\aaa\Covtype\0_w_feature_1_w_tree_4_quat_True_arg_True\TreeLUT\verilog\TreeLUT.v":187)
WARN  (EX3791) : Expression size 8 truncated to fit in target size 1("C:\Users\Guilherme\Desktop\aaa\Covtype\0_w_feature_1_w_tree_4_quat_True_arg_True\TreeLUT\verilog\TreeLUT.v":188)
WARN  (EX3791) : Expression size 8 truncated to fit in target size 1("C:\Users\Guilherme\Desktop\aaa\Covtype\0_w_feature_1_w_tree_4_quat_True_arg_True\TreeLUT\verilog\TreeLUT.v":189)
WARN  (EX3791) : Expression size 8 truncated to fit in target size 1("C:\Users\Guilherme\Desktop\aaa\Covtype\0_w_feature_1_w_tree_4_quat_True_arg_True\TreeLUT\verilog\TreeLUT.v":190)
WARN  (EX3791) : Expression size 8 truncated to fit in target size 1("C:\Users\Guilherme\Desktop\aaa\Covtype\0_w_feature_1_w_tree_4_quat_True_arg_True\TreeLUT\verilog\TreeLUT.v":191)
WARN  (EX3791) : Expression size 8 truncated to fit in target size 1("C:\Users\Guilherme\Desktop\aaa\Covtype\0_w_feature_1_w_tree_4_quat_True_arg_True\TreeLUT\verilog\TreeLUT.v":192)
WARN  (EX3791) : Expression size 8 truncated to fit in target size 1("C:\Users\Guilherme\Desktop\aaa\Covtype\0_w_feature_1_w_tree_4_quat_True_arg_True\TreeLUT\verilog\TreeLUT.v":193)
WARN  (EX3791) : Expression size 8 truncated to fit in target size 1("C:\Users\Guilherme\Desktop\aaa\Covtype\0_w_feature_1_w_tree_4_quat_True_arg_True\TreeLUT\verilog\TreeLUT.v":194)
WARN  (EX3791) : Expression size 8 truncated to fit in target size 1("C:\Users\Guilherme\Desktop\aaa\Covtype\0_w_feature_1_w_tree_4_quat_True_arg_True\TreeLUT\verilog\TreeLUT.v":195)
WARN  (EX3791) : Expression size 8 truncated to fit in target size 1("C:\Users\Guilherme\Desktop\aaa\Covtype\0_w_feature_1_w_tree_4_quat_True_arg_True\TreeLUT\verilog\TreeLUT.v":196)
WARN  (EX3791) : Expression size 8 truncated to fit in target size 1("C:\Users\Guilherme\Desktop\aaa\Covtype\0_w_feature_1_w_tree_4_quat_True_arg_True\TreeLUT\verilog\TreeLUT.v":197)
WARN  (EX3791) : Expression size 8 truncated to fit in target size 1("C:\Users\Guilherme\Desktop\aaa\Covtype\0_w_feature_1_w_tree_4_quat_True_arg_True\TreeLUT\verilog\TreeLUT.v":198)
WARN  (EX3791) : Expression size 8 truncated to fit in target size 1("C:\Users\Guilherme\Desktop\aaa\Covtype\0_w_feature_1_w_tree_4_quat_True_arg_True\TreeLUT\verilog\TreeLUT.v":199)
WARN  (EX3791) : Expression size 8 truncated to fit in target size 1("C:\Users\Guilherme\Desktop\aaa\Covtype\0_w_feature_1_w_tree_4_quat_True_arg_True\TreeLUT\verilog\TreeLUT.v":200)
WARN  (EX3791) : Expression size 8 truncated to fit in target size 1("C:\Users\Guilherme\Desktop\aaa\Covtype\0_w_feature_1_w_tree_4_quat_True_arg_True\TreeLUT\verilog\TreeLUT.v":201)
WARN  (EX3791) : Expression size 8 truncated to fit in target size 1("C:\Users\Guilherme\Desktop\aaa\Covtype\0_w_feature_1_w_tree_4_quat_True_arg_True\TreeLUT\verilog\TreeLUT.v":202)
WARN  (EX3791) : Expression size 8 truncated to fit in target size 1("C:\Users\Guilherme\Desktop\aaa\Covtype\0_w_feature_1_w_tree_4_quat_True_arg_True\TreeLUT\verilog\TreeLUT.v":203)
WARN  (EX3791) : Expression size 8 truncated to fit in target size 1("C:\Users\Guilherme\Desktop\aaa\Covtype\0_w_feature_1_w_tree_4_quat_True_arg_True\TreeLUT\verilog\TreeLUT.v":204)
WARN  (EX3791) : Expression size 8 truncated to fit in target size 1("C:\Users\Guilherme\Desktop\aaa\Covtype\0_w_feature_1_w_tree_4_quat_True_arg_True\TreeLUT\verilog\TreeLUT.v":205)
WARN  (EX3791) : Expression size 8 truncated to fit in target size 1("C:\Users\Guilherme\Desktop\aaa\Covtype\0_w_feature_1_w_tree_4_quat_True_arg_True\TreeLUT\verilog\TreeLUT.v":206)
Compiling module 'class0_tree0'("C:\Users\Guilherme\Desktop\aaa\Covtype\0_w_feature_1_w_tree_4_quat_True_arg_True\TreeLUT\verilog\class0_tree0.v":1)
Compiling module 'class0_tree1'("C:\Users\Guilherme\Desktop\aaa\Covtype\0_w_feature_1_w_tree_4_quat_True_arg_True\TreeLUT\verilog\class0_tree1.v":1)
Compiling module 'class0_tree2'("C:\Users\Guilherme\Desktop\aaa\Covtype\0_w_feature_1_w_tree_4_quat_True_arg_True\TreeLUT\verilog\class0_tree2.v":1)
Compiling module 'class0_tree3'("C:\Users\Guilherme\Desktop\aaa\Covtype\0_w_feature_1_w_tree_4_quat_True_arg_True\TreeLUT\verilog\class0_tree3.v":1)
Compiling module 'class0_tree4'("C:\Users\Guilherme\Desktop\aaa\Covtype\0_w_feature_1_w_tree_4_quat_True_arg_True\TreeLUT\verilog\class0_tree4.v":1)
Compiling module 'class0_tree5'("C:\Users\Guilherme\Desktop\aaa\Covtype\0_w_feature_1_w_tree_4_quat_True_arg_True\TreeLUT\verilog\class0_tree5.v":1)
Compiling module 'class0_tree6'("C:\Users\Guilherme\Desktop\aaa\Covtype\0_w_feature_1_w_tree_4_quat_True_arg_True\TreeLUT\verilog\class0_tree6.v":1)
Compiling module 'class1_tree0'("C:\Users\Guilherme\Desktop\aaa\Covtype\0_w_feature_1_w_tree_4_quat_True_arg_True\TreeLUT\verilog\class1_tree0.v":1)
Compiling module 'class1_tree1'("C:\Users\Guilherme\Desktop\aaa\Covtype\0_w_feature_1_w_tree_4_quat_True_arg_True\TreeLUT\verilog\class1_tree1.v":1)
Compiling module 'class1_tree2'("C:\Users\Guilherme\Desktop\aaa\Covtype\0_w_feature_1_w_tree_4_quat_True_arg_True\TreeLUT\verilog\class1_tree2.v":1)
Compiling module 'class1_tree3'("C:\Users\Guilherme\Desktop\aaa\Covtype\0_w_feature_1_w_tree_4_quat_True_arg_True\TreeLUT\verilog\class1_tree3.v":1)
Compiling module 'class1_tree4'("C:\Users\Guilherme\Desktop\aaa\Covtype\0_w_feature_1_w_tree_4_quat_True_arg_True\TreeLUT\verilog\class1_tree4.v":1)
Compiling module 'class1_tree5'("C:\Users\Guilherme\Desktop\aaa\Covtype\0_w_feature_1_w_tree_4_quat_True_arg_True\TreeLUT\verilog\class1_tree5.v":1)
Compiling module 'class1_tree6'("C:\Users\Guilherme\Desktop\aaa\Covtype\0_w_feature_1_w_tree_4_quat_True_arg_True\TreeLUT\verilog\class1_tree6.v":1)
Compiling module 'class2_tree0'("C:\Users\Guilherme\Desktop\aaa\Covtype\0_w_feature_1_w_tree_4_quat_True_arg_True\TreeLUT\verilog\class2_tree0.v":1)
Compiling module 'class2_tree1'("C:\Users\Guilherme\Desktop\aaa\Covtype\0_w_feature_1_w_tree_4_quat_True_arg_True\TreeLUT\verilog\class2_tree1.v":1)
Compiling module 'class2_tree2'("C:\Users\Guilherme\Desktop\aaa\Covtype\0_w_feature_1_w_tree_4_quat_True_arg_True\TreeLUT\verilog\class2_tree2.v":1)
Compiling module 'class2_tree3'("C:\Users\Guilherme\Desktop\aaa\Covtype\0_w_feature_1_w_tree_4_quat_True_arg_True\TreeLUT\verilog\class2_tree3.v":1)
Compiling module 'class2_tree4'("C:\Users\Guilherme\Desktop\aaa\Covtype\0_w_feature_1_w_tree_4_quat_True_arg_True\TreeLUT\verilog\class2_tree4.v":1)
Compiling module 'class2_tree5'("C:\Users\Guilherme\Desktop\aaa\Covtype\0_w_feature_1_w_tree_4_quat_True_arg_True\TreeLUT\verilog\class2_tree5.v":1)
Compiling module 'class2_tree6'("C:\Users\Guilherme\Desktop\aaa\Covtype\0_w_feature_1_w_tree_4_quat_True_arg_True\TreeLUT\verilog\class2_tree6.v":1)
Compiling module 'class3_tree0'("C:\Users\Guilherme\Desktop\aaa\Covtype\0_w_feature_1_w_tree_4_quat_True_arg_True\TreeLUT\verilog\class3_tree0.v":1)
Compiling module 'class3_tree1'("C:\Users\Guilherme\Desktop\aaa\Covtype\0_w_feature_1_w_tree_4_quat_True_arg_True\TreeLUT\verilog\class3_tree1.v":1)
Compiling module 'class3_tree2'("C:\Users\Guilherme\Desktop\aaa\Covtype\0_w_feature_1_w_tree_4_quat_True_arg_True\TreeLUT\verilog\class3_tree2.v":1)
Compiling module 'class3_tree3'("C:\Users\Guilherme\Desktop\aaa\Covtype\0_w_feature_1_w_tree_4_quat_True_arg_True\TreeLUT\verilog\class3_tree3.v":1)
Compiling module 'class3_tree4'("C:\Users\Guilherme\Desktop\aaa\Covtype\0_w_feature_1_w_tree_4_quat_True_arg_True\TreeLUT\verilog\class3_tree4.v":1)
Compiling module 'class3_tree5'("C:\Users\Guilherme\Desktop\aaa\Covtype\0_w_feature_1_w_tree_4_quat_True_arg_True\TreeLUT\verilog\class3_tree5.v":1)
Compiling module 'class3_tree6'("C:\Users\Guilherme\Desktop\aaa\Covtype\0_w_feature_1_w_tree_4_quat_True_arg_True\TreeLUT\verilog\class3_tree6.v":1)
Compiling module 'class4_tree0'("C:\Users\Guilherme\Desktop\aaa\Covtype\0_w_feature_1_w_tree_4_quat_True_arg_True\TreeLUT\verilog\class4_tree0.v":1)
Compiling module 'class4_tree1'("C:\Users\Guilherme\Desktop\aaa\Covtype\0_w_feature_1_w_tree_4_quat_True_arg_True\TreeLUT\verilog\class4_tree1.v":1)
Compiling module 'class4_tree2'("C:\Users\Guilherme\Desktop\aaa\Covtype\0_w_feature_1_w_tree_4_quat_True_arg_True\TreeLUT\verilog\class4_tree2.v":1)
Compiling module 'class4_tree3'("C:\Users\Guilherme\Desktop\aaa\Covtype\0_w_feature_1_w_tree_4_quat_True_arg_True\TreeLUT\verilog\class4_tree3.v":1)
Compiling module 'class4_tree4'("C:\Users\Guilherme\Desktop\aaa\Covtype\0_w_feature_1_w_tree_4_quat_True_arg_True\TreeLUT\verilog\class4_tree4.v":1)
Compiling module 'class4_tree5'("C:\Users\Guilherme\Desktop\aaa\Covtype\0_w_feature_1_w_tree_4_quat_True_arg_True\TreeLUT\verilog\class4_tree5.v":1)
Compiling module 'class4_tree6'("C:\Users\Guilherme\Desktop\aaa\Covtype\0_w_feature_1_w_tree_4_quat_True_arg_True\TreeLUT\verilog\class4_tree6.v":1)
Compiling module 'class5_tree0'("C:\Users\Guilherme\Desktop\aaa\Covtype\0_w_feature_1_w_tree_4_quat_True_arg_True\TreeLUT\verilog\class5_tree0.v":1)
Compiling module 'class5_tree1'("C:\Users\Guilherme\Desktop\aaa\Covtype\0_w_feature_1_w_tree_4_quat_True_arg_True\TreeLUT\verilog\class5_tree1.v":1)
Compiling module 'class5_tree2'("C:\Users\Guilherme\Desktop\aaa\Covtype\0_w_feature_1_w_tree_4_quat_True_arg_True\TreeLUT\verilog\class5_tree2.v":1)
Compiling module 'class5_tree3'("C:\Users\Guilherme\Desktop\aaa\Covtype\0_w_feature_1_w_tree_4_quat_True_arg_True\TreeLUT\verilog\class5_tree3.v":1)
Compiling module 'class5_tree4'("C:\Users\Guilherme\Desktop\aaa\Covtype\0_w_feature_1_w_tree_4_quat_True_arg_True\TreeLUT\verilog\class5_tree4.v":1)
Compiling module 'class5_tree5'("C:\Users\Guilherme\Desktop\aaa\Covtype\0_w_feature_1_w_tree_4_quat_True_arg_True\TreeLUT\verilog\class5_tree5.v":1)
Compiling module 'class5_tree6'("C:\Users\Guilherme\Desktop\aaa\Covtype\0_w_feature_1_w_tree_4_quat_True_arg_True\TreeLUT\verilog\class5_tree6.v":1)
Compiling module 'class6_tree0'("C:\Users\Guilherme\Desktop\aaa\Covtype\0_w_feature_1_w_tree_4_quat_True_arg_True\TreeLUT\verilog\class6_tree0.v":1)
Compiling module 'class6_tree1'("C:\Users\Guilherme\Desktop\aaa\Covtype\0_w_feature_1_w_tree_4_quat_True_arg_True\TreeLUT\verilog\class6_tree1.v":1)
Compiling module 'class6_tree2'("C:\Users\Guilherme\Desktop\aaa\Covtype\0_w_feature_1_w_tree_4_quat_True_arg_True\TreeLUT\verilog\class6_tree2.v":1)
Compiling module 'class6_tree3'("C:\Users\Guilherme\Desktop\aaa\Covtype\0_w_feature_1_w_tree_4_quat_True_arg_True\TreeLUT\verilog\class6_tree3.v":1)
Compiling module 'class6_tree4'("C:\Users\Guilherme\Desktop\aaa\Covtype\0_w_feature_1_w_tree_4_quat_True_arg_True\TreeLUT\verilog\class6_tree4.v":1)
Compiling module 'class6_tree5'("C:\Users\Guilherme\Desktop\aaa\Covtype\0_w_feature_1_w_tree_4_quat_True_arg_True\TreeLUT\verilog\class6_tree5.v":1)
Compiling module 'class6_tree6'("C:\Users\Guilherme\Desktop\aaa\Covtype\0_w_feature_1_w_tree_4_quat_True_arg_True\TreeLUT\verilog\class6_tree6.v":1)
Compiling module 'class0_adder'("C:\Users\Guilherme\Desktop\aaa\Covtype\0_w_feature_1_w_tree_4_quat_True_arg_True\TreeLUT\verilog\class0_adder.v":1)
Compiling module 'class1_adder'("C:\Users\Guilherme\Desktop\aaa\Covtype\0_w_feature_1_w_tree_4_quat_True_arg_True\TreeLUT\verilog\class1_adder.v":1)
Compiling module 'class2_adder'("C:\Users\Guilherme\Desktop\aaa\Covtype\0_w_feature_1_w_tree_4_quat_True_arg_True\TreeLUT\verilog\class2_adder.v":1)
Compiling module 'class3_adder'("C:\Users\Guilherme\Desktop\aaa\Covtype\0_w_feature_1_w_tree_4_quat_True_arg_True\TreeLUT\verilog\class3_adder.v":1)
Compiling module 'class4_adder'("C:\Users\Guilherme\Desktop\aaa\Covtype\0_w_feature_1_w_tree_4_quat_True_arg_True\TreeLUT\verilog\class4_adder.v":1)
Compiling module 'class5_adder'("C:\Users\Guilherme\Desktop\aaa\Covtype\0_w_feature_1_w_tree_4_quat_True_arg_True\TreeLUT\verilog\class5_adder.v":1)
Compiling module 'class6_adder'("C:\Users\Guilherme\Desktop\aaa\Covtype\0_w_feature_1_w_tree_4_quat_True_arg_True\TreeLUT\verilog\class6_adder.v":1)
Compiling module 'argmax'("C:\Users\Guilherme\Desktop\aaa\Covtype\0_w_feature_1_w_tree_4_quat_True_arg_True\TreeLUT\verilog\TreeLUT.v":131)
NOTE  (EX0101) : Current top module is "TreeLUT"
[5%] Running netlist conversion ...
WARN  (CV0020) : Input all_features[431:425] is unused("C:\Users\Guilherme\Desktop\aaa\Covtype\0_w_feature_1_w_tree_4_quat_True_arg_True\TreeLUT\verilog\TreeLUT.v":1)
WARN  (CV0020) : Input all_features[423:417] is unused("C:\Users\Guilherme\Desktop\aaa\Covtype\0_w_feature_1_w_tree_4_quat_True_arg_True\TreeLUT\verilog\TreeLUT.v":1)
WARN  (CV0020) : Input all_features[415:409] is unused("C:\Users\Guilherme\Desktop\aaa\Covtype\0_w_feature_1_w_tree_4_quat_True_arg_True\TreeLUT\verilog\TreeLUT.v":1)
WARN  (CV0020) : Input all_features[407:401] is unused("C:\Users\Guilherme\Desktop\aaa\Covtype\0_w_feature_1_w_tree_4_quat_True_arg_True\TreeLUT\verilog\TreeLUT.v":1)
WARN  (CV0020) : Input all_features[399:393] is unused("C:\Users\Guilherme\Desktop\aaa\Covtype\0_w_feature_1_w_tree_4_quat_True_arg_True\TreeLUT\verilog\TreeLUT.v":1)
WARN  (CV0020) : Input all_features[391:385] is unused("C:\Users\Guilherme\Desktop\aaa\Covtype\0_w_feature_1_w_tree_4_quat_True_arg_True\TreeLUT\verilog\TreeLUT.v":1)
WARN  (CV0020) : Input all_features[383:377] is unused("C:\Users\Guilherme\Desktop\aaa\Covtype\0_w_feature_1_w_tree_4_quat_True_arg_True\TreeLUT\verilog\TreeLUT.v":1)
WARN  (CV0020) : Input all_features[375:369] is unused("C:\Users\Guilherme\Desktop\aaa\Covtype\0_w_feature_1_w_tree_4_quat_True_arg_True\TreeLUT\verilog\TreeLUT.v":1)
WARN  (CV0020) : Input all_features[367:361] is unused("C:\Users\Guilherme\Desktop\aaa\Covtype\0_w_feature_1_w_tree_4_quat_True_arg_True\TreeLUT\verilog\TreeLUT.v":1)
WARN  (CV0020) : Input all_features[359:353] is unused("C:\Users\Guilherme\Desktop\aaa\Covtype\0_w_feature_1_w_tree_4_quat_True_arg_True\TreeLUT\verilog\TreeLUT.v":1)
WARN  (CV0020) : Input all_features[351:345] is unused("C:\Users\Guilherme\Desktop\aaa\Covtype\0_w_feature_1_w_tree_4_quat_True_arg_True\TreeLUT\verilog\TreeLUT.v":1)
WARN  (CV0020) : Input all_features[343:337] is unused("C:\Users\Guilherme\Desktop\aaa\Covtype\0_w_feature_1_w_tree_4_quat_True_arg_True\TreeLUT\verilog\TreeLUT.v":1)
WARN  (CV0020) : Input all_features[335:329] is unused("C:\Users\Guilherme\Desktop\aaa\Covtype\0_w_feature_1_w_tree_4_quat_True_arg_True\TreeLUT\verilog\TreeLUT.v":1)
WARN  (CV0020) : Input all_features[327:321] is unused("C:\Users\Guilherme\Desktop\aaa\Covtype\0_w_feature_1_w_tree_4_quat_True_arg_True\TreeLUT\verilog\TreeLUT.v":1)
WARN  (CV0020) : Input all_features[319:313] is unused("C:\Users\Guilherme\Desktop\aaa\Covtype\0_w_feature_1_w_tree_4_quat_True_arg_True\TreeLUT\verilog\TreeLUT.v":1)
WARN  (CV0020) : Input all_features[311:305] is unused("C:\Users\Guilherme\Desktop\aaa\Covtype\0_w_feature_1_w_tree_4_quat_True_arg_True\TreeLUT\verilog\TreeLUT.v":1)
WARN  (CV0020) : Input all_features[303:297] is unused("C:\Users\Guilherme\Desktop\aaa\Covtype\0_w_feature_1_w_tree_4_quat_True_arg_True\TreeLUT\verilog\TreeLUT.v":1)
WARN  (CV0020) : Input all_features[295:289] is unused("C:\Users\Guilherme\Desktop\aaa\Covtype\0_w_feature_1_w_tree_4_quat_True_arg_True\TreeLUT\verilog\TreeLUT.v":1)
WARN  (CV0020) : Input all_features[287:281] is unused("C:\Users\Guilherme\Desktop\aaa\Covtype\0_w_feature_1_w_tree_4_quat_True_arg_True\TreeLUT\verilog\TreeLUT.v":1)
WARN  (CV0020) : Input all_features[279:273] is unused("C:\Users\Guilherme\Desktop\aaa\Covtype\0_w_feature_1_w_tree_4_quat_True_arg_True\TreeLUT\verilog\TreeLUT.v":1)
WARN  (CV0020) : Input all_features[271:265] is unused("C:\Users\Guilherme\Desktop\aaa\Covtype\0_w_feature_1_w_tree_4_quat_True_arg_True\TreeLUT\verilog\TreeLUT.v":1)
WARN  (CV0020) : Input all_features[263:257] is unused("C:\Users\Guilherme\Desktop\aaa\Covtype\0_w_feature_1_w_tree_4_quat_True_arg_True\TreeLUT\verilog\TreeLUT.v":1)
WARN  (CV0020) : Input all_features[255:249] is unused("C:\Users\Guilherme\Desktop\aaa\Covtype\0_w_feature_1_w_tree_4_quat_True_arg_True\TreeLUT\verilog\TreeLUT.v":1)
WARN  (CV0020) : Input all_features[247:241] is unused("C:\Users\Guilherme\Desktop\aaa\Covtype\0_w_feature_1_w_tree_4_quat_True_arg_True\TreeLUT\verilog\TreeLUT.v":1)
WARN  (CV0020) : Input all_features[239:233] is unused("C:\Users\Guilherme\Desktop\aaa\Covtype\0_w_feature_1_w_tree_4_quat_True_arg_True\TreeLUT\verilog\TreeLUT.v":1)
WARN  (CV0020) : Input all_features[231:225] is unused("C:\Users\Guilherme\Desktop\aaa\Covtype\0_w_feature_1_w_tree_4_quat_True_arg_True\TreeLUT\verilog\TreeLUT.v":1)
WARN  (CV0020) : Input all_features[223:217] is unused("C:\Users\Guilherme\Desktop\aaa\Covtype\0_w_feature_1_w_tree_4_quat_True_arg_True\TreeLUT\verilog\TreeLUT.v":1)
WARN  (CV0020) : Input all_features[215:209] is unused("C:\Users\Guilherme\Desktop\aaa\Covtype\0_w_feature_1_w_tree_4_quat_True_arg_True\TreeLUT\verilog\TreeLUT.v":1)
WARN  (CV0020) : Input all_features[207:193] is unused("C:\Users\Guilherme\Desktop\aaa\Covtype\0_w_feature_1_w_tree_4_quat_True_arg_True\TreeLUT\verilog\TreeLUT.v":1)
WARN  (CV0020) : Input all_features[191:185] is unused("C:\Users\Guilherme\Desktop\aaa\Covtype\0_w_feature_1_w_tree_4_quat_True_arg_True\TreeLUT\verilog\TreeLUT.v":1)
WARN  (CV0020) : Input all_features[183:177] is unused("C:\Users\Guilherme\Desktop\aaa\Covtype\0_w_feature_1_w_tree_4_quat_True_arg_True\TreeLUT\verilog\TreeLUT.v":1)
WARN  (CV0020) : Input all_features[175:169] is unused("C:\Users\Guilherme\Desktop\aaa\Covtype\0_w_feature_1_w_tree_4_quat_True_arg_True\TreeLUT\verilog\TreeLUT.v":1)
WARN  (CV0020) : Input all_features[167:161] is unused("C:\Users\Guilherme\Desktop\aaa\Covtype\0_w_feature_1_w_tree_4_quat_True_arg_True\TreeLUT\verilog\TreeLUT.v":1)
WARN  (CV0020) : Input all_features[159:153] is unused("C:\Users\Guilherme\Desktop\aaa\Covtype\0_w_feature_1_w_tree_4_quat_True_arg_True\TreeLUT\verilog\TreeLUT.v":1)
WARN  (CV0020) : Input all_features[151:129] is unused("C:\Users\Guilherme\Desktop\aaa\Covtype\0_w_feature_1_w_tree_4_quat_True_arg_True\TreeLUT\verilog\TreeLUT.v":1)
WARN  (CV0020) : Input all_features[127:121] is unused("C:\Users\Guilherme\Desktop\aaa\Covtype\0_w_feature_1_w_tree_4_quat_True_arg_True\TreeLUT\verilog\TreeLUT.v":1)
WARN  (CV0020) : Input all_features[119:113] is unused("C:\Users\Guilherme\Desktop\aaa\Covtype\0_w_feature_1_w_tree_4_quat_True_arg_True\TreeLUT\verilog\TreeLUT.v":1)
WARN  (CV0020) : Input all_features[111:105] is unused("C:\Users\Guilherme\Desktop\aaa\Covtype\0_w_feature_1_w_tree_4_quat_True_arg_True\TreeLUT\verilog\TreeLUT.v":1)
WARN  (CV0020) : Input all_features[103:97] is unused("C:\Users\Guilherme\Desktop\aaa\Covtype\0_w_feature_1_w_tree_4_quat_True_arg_True\TreeLUT\verilog\TreeLUT.v":1)
WARN  (CV0020) : Input all_features[95:89] is unused("C:\Users\Guilherme\Desktop\aaa\Covtype\0_w_feature_1_w_tree_4_quat_True_arg_True\TreeLUT\verilog\TreeLUT.v":1)
Running device independent optimization ...
[10%] Optimizing Phase 0 completed
[15%] Optimizing Phase 1 completed
[25%] Optimizing Phase 2 completed
Running inference ...
[30%] Inferring Phase 0 completed
[40%] Inferring Phase 1 completed
[50%] Inferring Phase 2 completed
[55%] Inferring Phase 3 completed
Running technical mapping ...
[60%] Tech-Mapping Phase 0 completed
[65%] Tech-Mapping Phase 1 completed
[75%] Tech-Mapping Phase 2 completed
[80%] Tech-Mapping Phase 3 completed
[90%] Tech-Mapping Phase 4 completed
WARN  (NL0002) : The module "class2_tree4" instantiated to "class2_tree4_inst" is swept in optimizing("C:\Users\Guilherme\Desktop\aaa\Covtype\0_w_feature_1_w_tree_4_quat_True_arg_True\TreeLUT\verilog\TreeLUT.v":84)
WARN  (NL0002) : The module "class2_tree5" instantiated to "class2_tree5_inst" is swept in optimizing("C:\Users\Guilherme\Desktop\aaa\Covtype\0_w_feature_1_w_tree_4_quat_True_arg_True\TreeLUT\verilog\TreeLUT.v":85)
WARN  (NL0002) : The module "class3_tree0" instantiated to "class3_tree0_inst" is swept in optimizing("C:\Users\Guilherme\Desktop\aaa\Covtype\0_w_feature_1_w_tree_4_quat_True_arg_True\TreeLUT\verilog\TreeLUT.v":87)
WARN  (NL0002) : The module "quantization" instantiated to "quantization_inst" is swept in optimizing("C:\Users\Guilherme\Desktop\aaa\Covtype\0_w_feature_1_w_tree_4_quat_True_arg_True\TreeLUT\verilog\TreeLUT.v":7)
[95%] Generate netlist file "C:\Users\Guilherme\Desktop\aaa\Covtype\0_w_feature_1_w_tree_4_quat_True_arg_True\temp_gowin\impl\gwsynthesis\project.vg" completed
[100%] Generate report file "C:\Users\Guilherme\Desktop\aaa\Covtype\0_w_feature_1_w_tree_4_quat_True_arg_True\temp_gowin\impl\gwsynthesis\project_syn.rpt.html" completed
GowinSynthesis finish
