GowinSynthesis start
Running parser ...
Analyzing Verilog file 'C:\Users\Guilherme\Desktop\aaa\Adult\1_w_feature_2_w_tree_2_quat_True_arg_False\TreeLUT\verilog\class0_adder.v'
Analyzing Verilog file 'C:\Users\Guilherme\Desktop\aaa\Adult\1_w_feature_2_w_tree_2_quat_True_arg_False\TreeLUT\verilog\class0_tree0.v'
Analyzing Verilog file 'C:\Users\Guilherme\Desktop\aaa\Adult\1_w_feature_2_w_tree_2_quat_True_arg_False\TreeLUT\verilog\class0_tree1.v'
Analyzing Verilog file 'C:\Users\Guilherme\Desktop\aaa\Adult\1_w_feature_2_w_tree_2_quat_True_arg_False\TreeLUT\verilog\class0_tree2.v'
Analyzing Verilog file 'C:\Users\Guilherme\Desktop\aaa\Adult\1_w_feature_2_w_tree_2_quat_True_arg_False\TreeLUT\verilog\class0_tree3.v'
Analyzing Verilog file 'C:\Users\Guilherme\Desktop\aaa\Adult\1_w_feature_2_w_tree_2_quat_True_arg_False\TreeLUT\verilog\class0_tree4.v'
Analyzing Verilog file 'C:\Users\Guilherme\Desktop\aaa\Adult\1_w_feature_2_w_tree_2_quat_True_arg_False\TreeLUT\verilog\class0_tree5.v'
Analyzing Verilog file 'C:\Users\Guilherme\Desktop\aaa\Adult\1_w_feature_2_w_tree_2_quat_True_arg_False\TreeLUT\verilog\class0_tree6.v'
Analyzing Verilog file 'C:\Users\Guilherme\Desktop\aaa\Adult\1_w_feature_2_w_tree_2_quat_True_arg_False\TreeLUT\verilog\class1_adder.v'
Analyzing Verilog file 'C:\Users\Guilherme\Desktop\aaa\Adult\1_w_feature_2_w_tree_2_quat_True_arg_False\TreeLUT\verilog\class1_tree0.v'
Analyzing Verilog file 'C:\Users\Guilherme\Desktop\aaa\Adult\1_w_feature_2_w_tree_2_quat_True_arg_False\TreeLUT\verilog\class1_tree2.v'
Analyzing Verilog file 'C:\Users\Guilherme\Desktop\aaa\Adult\1_w_feature_2_w_tree_2_quat_True_arg_False\TreeLUT\verilog\class1_tree3.v'
Analyzing Verilog file 'C:\Users\Guilherme\Desktop\aaa\Adult\1_w_feature_2_w_tree_2_quat_True_arg_False\TreeLUT\verilog\class1_tree4.v'
Analyzing Verilog file 'C:\Users\Guilherme\Desktop\aaa\Adult\1_w_feature_2_w_tree_2_quat_True_arg_False\TreeLUT\verilog\class1_tree5.v'
Analyzing Verilog file 'C:\Users\Guilherme\Desktop\aaa\Adult\1_w_feature_2_w_tree_2_quat_True_arg_False\TreeLUT\verilog\class1_tree6.v'
Analyzing Verilog file 'C:\Users\Guilherme\Desktop\aaa\Adult\1_w_feature_2_w_tree_2_quat_True_arg_False\TreeLUT\verilog\TreeLUT.v'
Compiling module 'TreeLUT'("C:\Users\Guilherme\Desktop\aaa\Adult\1_w_feature_2_w_tree_2_quat_True_arg_False\TreeLUT\verilog\TreeLUT.v":1)
Compiling module 'quantization'("C:\Users\Guilherme\Desktop\aaa\Adult\1_w_feature_2_w_tree_2_quat_True_arg_False\TreeLUT\verilog\TreeLUT.v":75)
WARN  (EX3791) : Expression size 8 truncated to fit in target size 2("C:\Users\Guilherme\Desktop\aaa\Adult\1_w_feature_2_w_tree_2_quat_True_arg_False\TreeLUT\verilog\TreeLUT.v":85)
Compiling module 'class0_tree0'("C:\Users\Guilherme\Desktop\aaa\Adult\1_w_feature_2_w_tree_2_quat_True_arg_False\TreeLUT\verilog\class0_tree0.v":1)
Compiling module 'class0_tree1'("C:\Users\Guilherme\Desktop\aaa\Adult\1_w_feature_2_w_tree_2_quat_True_arg_False\TreeLUT\verilog\class0_tree1.v":1)
Compiling module 'class0_tree2'("C:\Users\Guilherme\Desktop\aaa\Adult\1_w_feature_2_w_tree_2_quat_True_arg_False\TreeLUT\verilog\class0_tree2.v":1)
Compiling module 'class0_tree3'("C:\Users\Guilherme\Desktop\aaa\Adult\1_w_feature_2_w_tree_2_quat_True_arg_False\TreeLUT\verilog\class0_tree3.v":1)
Compiling module 'class0_tree4'("C:\Users\Guilherme\Desktop\aaa\Adult\1_w_feature_2_w_tree_2_quat_True_arg_False\TreeLUT\verilog\class0_tree4.v":1)
Compiling module 'class0_tree5'("C:\Users\Guilherme\Desktop\aaa\Adult\1_w_feature_2_w_tree_2_quat_True_arg_False\TreeLUT\verilog\class0_tree5.v":1)
Compiling module 'class0_tree6'("C:\Users\Guilherme\Desktop\aaa\Adult\1_w_feature_2_w_tree_2_quat_True_arg_False\TreeLUT\verilog\class0_tree6.v":1)
Compiling module 'class1_tree0'("C:\Users\Guilherme\Desktop\aaa\Adult\1_w_feature_2_w_tree_2_quat_True_arg_False\TreeLUT\verilog\class1_tree0.v":1)
ERROR (EX3937) : Instantiating unknown module 'class1_tree1'("C:\Users\Guilherme\Desktop\aaa\Adult\1_w_feature_2_w_tree_2_quat_True_arg_False\TreeLUT\verilog\TreeLUT.v":62)
Module 'TreeLUT' remains a black box due to errors in its contents("C:\Users\Guilherme\Desktop\aaa\Adult\1_w_feature_2_w_tree_2_quat_True_arg_False\TreeLUT\verilog\TreeLUT.v":1)
GowinSynthesis finish
