Reading netlist file: "C:\Users\Guilherme\Desktop\aaa\Adult\1_w_feature_3_w_tree_2_quat_False_arg_True\temp_gowin\impl\gwsynthesis\project.vg"
Parsing netlist file "C:\Users\Guilherme\Desktop\aaa\Adult\1_w_feature_3_w_tree_2_quat_False_arg_True\temp_gowin\impl\gwsynthesis\project.vg" completed
Processing netlist completed
Running placement......
[10%] Placement Phase 0 completed
[20%] Placement Phase 1 completed
[30%] Placement Phase 2 completed
[50%] Placement Phase 3 completed
Running routing......
[60%] Routing Phase 0 completed
[70%] Routing Phase 1 completed
[80%] Routing Phase 2 completed
[90%] Routing Phase 3 completed
Running timing analysis......
[95%] Timing analysis completed
Placement and routing completed
Bitstream generation in progress......
Bitstream generation completed
Running power analysis......
[100%] Power analysis completed
Generate file "C:\Users\Guilherme\Desktop\aaa\Adult\1_w_feature_3_w_tree_2_quat_False_arg_True\temp_gowin\impl\pnr\project.power.html" completed
Generate file "C:\Users\Guilherme\Desktop\aaa\Adult\1_w_feature_3_w_tree_2_quat_False_arg_True\temp_gowin\impl\pnr\project.pin.html" completed
Generate file "C:\Users\Guilherme\Desktop\aaa\Adult\1_w_feature_3_w_tree_2_quat_False_arg_True\temp_gowin\impl\pnr\project.rpt.html" completed
Generate file "C:\Users\Guilherme\Desktop\aaa\Adult\1_w_feature_3_w_tree_2_quat_False_arg_True\temp_gowin\impl\pnr\project.rpt.txt" completed
Generate file "C:\Users\Guilherme\Desktop\aaa\Adult\1_w_feature_3_w_tree_2_quat_False_arg_True\temp_gowin\impl\pnr\project.tr.html" completed
Tue Jul 22 21:58:33 2025

